<?xml version="1.0" encoding="utf-8"?>
<?AutomationStudio Version="4.12.2.93"?>
<Objects>
  <Object
    Path="C:\Users\jacop\Documents\GitHub\AutomationEngineering\Courses\ASDP\PallettizerProj2_SM\PallettizerProj2_SM\Logical\Package.pkg"
    LogicalPath=""
    Type="Package.ParentUnknown"
    LastWriteTime="133339993993334330" />
  <Object
    Path="C:\Users\jacop\Documents\GitHub\AutomationEngineering\Courses\ASDP\PallettizerProj2_SM\PallettizerProj2_SM\Logical\Global.var"
    LogicalPath="Global.var"
    Type="File"
    LastWriteTime="133340577922219623"
    Private="false" />
  <Object
    Path="C:\Users\jacop\Documents\GitHub\AutomationEngineering\Courses\ASDP\PallettizerProj2_SM\PallettizerProj2_SM\Logical\Global.typ"
    LogicalPath="Global.typ"
    Type="File"
    LastWriteTime="133339866143590265"
    Private="false" />
  <Object
    Path="C:\Users\jacop\Documents\GitHub\AutomationEngineering\Courses\ASDP\PallettizerProj2_SM\PallettizerProj2_SM\Logical\MNG_Global.typ"
    LogicalPath="MNG_Global.typ"
    Type="File"
    LastWriteTime="133339866144058987"
    Private="false" />
  <Object
    Path="C:\Users\jacop\Documents\GitHub\AutomationEngineering\Courses\ASDP\PallettizerProj2_SM\PallettizerProj2_SM\Logical\MNG_Package.typ"
    LogicalPath="MNG_Package.typ"
    Type="File"
    LastWriteTime="133339866144058987"
    Private="false" />
  <Object
    Path="C:\Users\jacop\Documents\GitHub\AutomationEngineering\Courses\ASDP\PallettizerProj2_SM\PallettizerProj2_SM\Logical\MNG_Package.var"
    LogicalPath="MNG_Package.var"
    Type="File"
    LastWriteTime="133339935680037658"
    Private="false" />
  <Object
    Path="C:\Users\jacop\Documents\GitHub\AutomationEngineering\Courses\ASDP\PallettizerProj2_SM\PallettizerProj2_SM\Logical\Libraries\Package.pkg"
    LogicalPath="Libraries"
    Type="Package"
    LastWriteTime="133339980205420183" />
  <Object
    Path="C:\Users\jacop\Documents\GitHub\AutomationEngineering\Courses\ASDP\PallettizerProj2_SM\PallettizerProj2_SM\Logical\Libraries\operator\Binary.lby"
    LogicalPath="Libraries.operator"
    Type="Library"
    LastWriteTime="133339866158902040" />
  <Object
    Path="C:\Users\jacop\Documents\GitHub\AutomationEngineering\Courses\ASDP\PallettizerProj2_SM\PallettizerProj2_SM\Logical\Libraries\operator\operator.fun"
    LogicalPath="Libraries.operator.operator.fun"
    Type="File"
    LastWriteTime="133339866158902040"
    Private="false" />
  <Object
    Path="C:\Users\jacop\Documents\GitHub\AutomationEngineering\Courses\ASDP\PallettizerProj2_SM\PallettizerProj2_SM\Logical\Libraries\operator\operator.typ"
    LogicalPath="Libraries.operator.operator.typ"
    Type="File"
    LastWriteTime="133339866159058057"
    Private="false" />
  <Object
    Path="C:\Users\jacop\Documents\GitHub\AutomationEngineering\Courses\ASDP\PallettizerProj2_SM\PallettizerProj2_SM\Logical\Libraries\operator\operator.var"
    LogicalPath="Libraries.operator.operator.var"
    Type="File"
    LastWriteTime="133339866159214335"
    Private="false" />
  <Object
    Path="C:\Users\jacop\Documents\GitHub\AutomationEngineering\Courses\ASDP\PallettizerProj2_SM\PallettizerProj2_SM\Logical\Libraries\runtime\Binary.lby"
    LogicalPath="Libraries.runtime"
    Type="Library"
    LastWriteTime="133339866159995630" />
  <Object
    Path="C:\Users\jacop\Documents\GitHub\AutomationEngineering\Courses\ASDP\PallettizerProj2_SM\PallettizerProj2_SM\Logical\Libraries\runtime\runtime.fun"
    LogicalPath="Libraries.runtime.runtime.fun"
    Type="File"
    LastWriteTime="133339866160152882"
    Private="false" />
  <Object
    Path="C:\Users\jacop\Documents\GitHub\AutomationEngineering\Courses\ASDP\PallettizerProj2_SM\PallettizerProj2_SM\Logical\Libraries\runtime\runtime.typ"
    LogicalPath="Libraries.runtime.runtime.typ"
    Type="File"
    LastWriteTime="133339866160308925"
    Private="false" />
  <Object
    Path="C:\Users\jacop\Documents\GitHub\AutomationEngineering\Courses\ASDP\PallettizerProj2_SM\PallettizerProj2_SM\Logical\Libraries\runtime\runtime.var"
    LogicalPath="Libraries.runtime.runtime.var"
    Type="File"
    LastWriteTime="133339866160464377"
    Private="false" />
  <Object
    Path="C:\Users\jacop\Documents\GitHub\AutomationEngineering\Courses\ASDP\PallettizerProj2_SM\PallettizerProj2_SM\Logical\Libraries\astime\Binary.lby"
    LogicalPath="Libraries.astime"
    Type="Library"
    LastWriteTime="133339866150933030" />
  <Object
    Path="C:\Users\jacop\Documents\GitHub\AutomationEngineering\Courses\ASDP\PallettizerProj2_SM\PallettizerProj2_SM\Logical\Libraries\astime\astime.fun"
    LogicalPath="Libraries.astime.astime.fun"
    Type="File"
    LastWriteTime="133339866150621390"
    Private="false" />
  <Object
    Path="C:\Users\jacop\Documents\GitHub\AutomationEngineering\Courses\ASDP\PallettizerProj2_SM\PallettizerProj2_SM\Logical\Libraries\astime\astime.typ"
    LogicalPath="Libraries.astime.astime.typ"
    Type="File"
    LastWriteTime="133339866150776597"
    Private="false" />
  <Object
    Path="C:\Users\jacop\Documents\GitHub\AutomationEngineering\Courses\ASDP\PallettizerProj2_SM\PallettizerProj2_SM\Logical\Libraries\astime\astime.var"
    LogicalPath="Libraries.astime.astime.var"
    Type="File"
    LastWriteTime="133339866150776597"
    Private="false" />
  <Object
    Path="C:\Users\jacop\Documents\GitHub\AutomationEngineering\Courses\ASDP\PallettizerProj2_SM\PallettizerProj2_SM\Logical\Libraries\AsIecCon\Binary.lby"
    LogicalPath="Libraries.AsIecCon"
    Type="Library"
    LastWriteTime="133339866148745549" />
  <Object
    Path="C:\Users\jacop\Documents\GitHub\AutomationEngineering\Courses\ASDP\PallettizerProj2_SM\PallettizerProj2_SM\Logical\Libraries\AsIecCon\AsIecCon.fun"
    LogicalPath="Libraries.AsIecCon.AsIecCon.fun"
    Type="File"
    LastWriteTime="133339866148432848"
    Private="false" />
  <Object
    Path="C:\Users\jacop\Documents\GitHub\AutomationEngineering\Courses\ASDP\PallettizerProj2_SM\PallettizerProj2_SM\Logical\Libraries\AsIecCon\AsIecCon.typ"
    LogicalPath="Libraries.AsIecCon.AsIecCon.typ"
    Type="File"
    LastWriteTime="133339866148432848"
    Private="false" />
  <Object
    Path="C:\Users\jacop\Documents\GitHub\AutomationEngineering\Courses\ASDP\PallettizerProj2_SM\PallettizerProj2_SM\Logical\Libraries\AsIecCon\AsIecCon.var"
    LogicalPath="Libraries.AsIecCon.AsIecCon.var"
    Type="File"
    LastWriteTime="133339866148589295"
    Private="false" />
  <Object
    Path="C:\Users\jacop\Documents\GitHub\AutomationEngineering\Courses\ASDP\PallettizerProj2_SM\PallettizerProj2_SM\Logical\Libraries\standard\Binary.lby"
    LogicalPath="Libraries.standard"
    Type="Library"
    LastWriteTime="133339866162026606" />
  <Object
    Path="C:\Users\jacop\Documents\GitHub\AutomationEngineering\Courses\ASDP\PallettizerProj2_SM\PallettizerProj2_SM\Logical\Libraries\standard\standard.fun"
    LogicalPath="Libraries.standard.standard.fun"
    Type="File"
    LastWriteTime="133339866162184072"
    Private="false" />
  <Object
    Path="C:\Users\jacop\Documents\GitHub\AutomationEngineering\Courses\ASDP\PallettizerProj2_SM\PallettizerProj2_SM\Logical\Libraries\AsArLog\Binary.lby"
    LogicalPath="Libraries.AsArLog"
    Type="Library"
    LastWriteTime="133339866147339103" />
  <Object
    Path="C:\Users\jacop\Documents\GitHub\AutomationEngineering\Courses\ASDP\PallettizerProj2_SM\PallettizerProj2_SM\Logical\Libraries\AsArLog\AsArLog.var"
    LogicalPath="Libraries.AsArLog.AsArLog.var"
    Type="File"
    LastWriteTime="133339866147183309"
    Private="false" />
  <Object
    Path="C:\Users\jacop\Documents\GitHub\AutomationEngineering\Courses\ASDP\PallettizerProj2_SM\PallettizerProj2_SM\Logical\Libraries\AsArLog\AsArLog.typ"
    LogicalPath="Libraries.AsArLog.AsArLog.typ"
    Type="File"
    LastWriteTime="133339866147027578"
    Private="false" />
  <Object
    Path="C:\Users\jacop\Documents\GitHub\AutomationEngineering\Courses\ASDP\PallettizerProj2_SM\PallettizerProj2_SM\Logical\Libraries\AsArLog\AsArLog.fun"
    LogicalPath="Libraries.AsArLog.AsArLog.fun"
    Type="File"
    LastWriteTime="133339866146870597"
    Private="false" />
  <Object
    Path="C:\Users\jacop\Documents\GitHub\AutomationEngineering\Courses\ASDP\PallettizerProj2_SM\PallettizerProj2_SM\Logical\Libraries\AsBrStr\Binary.lby"
    LogicalPath="Libraries.AsBrStr"
    Type="Library"
    LastWriteTime="133339866147651592" />
  <Object
    Path="C:\Users\jacop\Documents\GitHub\AutomationEngineering\Courses\ASDP\PallettizerProj2_SM\PallettizerProj2_SM\Logical\Libraries\AsBrStr\AsBrStr.fun"
    LogicalPath="Libraries.AsBrStr.AsBrStr.fun"
    Type="File"
    LastWriteTime="133339866147651592"
    Private="false" />
  <Object
    Path="C:\Users\jacop\Documents\GitHub\AutomationEngineering\Courses\ASDP\PallettizerProj2_SM\PallettizerProj2_SM\Logical\Libraries\AsTCP\Binary.lby"
    LogicalPath="Libraries.AsTCP"
    Type="Library"
    LastWriteTime="133339866149995727" />
  <Object
    Path="C:\Users\jacop\Documents\GitHub\AutomationEngineering\Courses\ASDP\PallettizerProj2_SM\PallettizerProj2_SM\Logical\Libraries\AsTCP\AsTCP.var"
    LogicalPath="Libraries.AsTCP.AsTCP.var"
    Type="File"
    LastWriteTime="133339866149683127"
    Private="false" />
  <Object
    Path="C:\Users\jacop\Documents\GitHub\AutomationEngineering\Courses\ASDP\PallettizerProj2_SM\PallettizerProj2_SM\Logical\Libraries\AsTCP\AsTCP.typ"
    LogicalPath="Libraries.AsTCP.AsTCP.typ"
    Type="File"
    LastWriteTime="133339866149526873"
    Private="false" />
  <Object
    Path="C:\Users\jacop\Documents\GitHub\AutomationEngineering\Courses\ASDP\PallettizerProj2_SM\PallettizerProj2_SM\Logical\Libraries\AsTCP\AsTCP.fun"
    LogicalPath="Libraries.AsTCP.AsTCP.fun"
    Type="File"
    LastWriteTime="133339866149371394"
    Private="false" />
  <Object
    Path="C:\Users\jacop\Documents\GitHub\AutomationEngineering\Courses\ASDP\PallettizerProj2_SM\PallettizerProj2_SM\Logical\Libraries\MTBasics\Binary.lby"
    LogicalPath="Libraries.MTBasics"
    Type="Library"
    LastWriteTime="133339866155932917" />
  <Object
    Path="C:\Users\jacop\Documents\GitHub\AutomationEngineering\Courses\ASDP\PallettizerProj2_SM\PallettizerProj2_SM\Logical\Libraries\MTBasics\MTBasics.fun"
    LogicalPath="Libraries.MTBasics.MTBasics.fun"
    Type="File"
    LastWriteTime="133339866156090251"
    Private="false" />
  <Object
    Path="C:\Users\jacop\Documents\GitHub\AutomationEngineering\Courses\ASDP\PallettizerProj2_SM\PallettizerProj2_SM\Logical\Libraries\MTBasics\MTBasics.typ"
    LogicalPath="Libraries.MTBasics.MTBasics.typ"
    Type="File"
    LastWriteTime="133339866156246427"
    Private="false" />
  <Object
    Path="C:\Users\jacop\Documents\GitHub\AutomationEngineering\Courses\ASDP\PallettizerProj2_SM\PallettizerProj2_SM\Logical\Libraries\MTBasics\MTBasics.var"
    LogicalPath="Libraries.MTBasics.MTBasics.var"
    Type="File"
    LastWriteTime="133339866156403008"
    Private="false" />
  <Object
    Path="C:\Users\jacop\Documents\GitHub\AutomationEngineering\Courses\ASDP\PallettizerProj2_SM\PallettizerProj2_SM\Logical\Libraries\brsystem\Binary.lby"
    LogicalPath="Libraries.brsystem"
    Type="Library"
    LastWriteTime="133339866151559185" />
  <Object
    Path="C:\Users\jacop\Documents\GitHub\AutomationEngineering\Courses\ASDP\PallettizerProj2_SM\PallettizerProj2_SM\Logical\Libraries\brsystem\brsystem.fun"
    LogicalPath="Libraries.brsystem.brsystem.fun"
    Type="File"
    LastWriteTime="133339866151715173"
    Private="false" />
  <Object
    Path="C:\Users\jacop\Documents\GitHub\AutomationEngineering\Courses\ASDP\PallettizerProj2_SM\PallettizerProj2_SM\Logical\Libraries\brsystem\brsystem.typ"
    LogicalPath="Libraries.brsystem.brsystem.typ"
    Type="File"
    LastWriteTime="133339866151870630"
    Private="false" />
  <Object
    Path="C:\Users\jacop\Documents\GitHub\AutomationEngineering\Courses\ASDP\PallettizerProj2_SM\PallettizerProj2_SM\Logical\Libraries\brsystem\brsystem.var"
    LogicalPath="Libraries.brsystem.brsystem.var"
    Type="File"
    LastWriteTime="133339866152026794"
    Private="false" />
  <Object
    Path="C:\Users\jacop\Documents\GitHub\AutomationEngineering\Courses\ASDP\PallettizerProj2_SM\PallettizerProj2_SM\Logical\Libraries\MTTypes\Binary.lby"
    LogicalPath="Libraries.MTTypes"
    Type="Library"
    LastWriteTime="133339866157495665" />
  <Object
    Path="C:\Users\jacop\Documents\GitHub\AutomationEngineering\Courses\ASDP\PallettizerProj2_SM\PallettizerProj2_SM\Logical\Libraries\MTTypes\MTTypes.fun"
    LogicalPath="Libraries.MTTypes.MTTypes.fun"
    Type="File"
    LastWriteTime="133339866157652641"
    Private="false" />
  <Object
    Path="C:\Users\jacop\Documents\GitHub\AutomationEngineering\Courses\ASDP\PallettizerProj2_SM\PallettizerProj2_SM\Logical\Libraries\MTTypes\MTTypes.typ"
    LogicalPath="Libraries.MTTypes.MTTypes.typ"
    Type="File"
    LastWriteTime="133339866157808147"
    Private="false" />
  <Object
    Path="C:\Users\jacop\Documents\GitHub\AutomationEngineering\Courses\ASDP\PallettizerProj2_SM\PallettizerProj2_SM\Logical\Libraries\MTTypes\MTTypes.var"
    LogicalPath="Libraries.MTTypes.MTTypes.var"
    Type="File"
    LastWriteTime="133339866157808147"
    Private="false" />
  <Object
    Path="C:\Users\jacop\Documents\GitHub\AutomationEngineering\Courses\ASDP\PallettizerProj2_SM\PallettizerProj2_SM\Logical\Libraries\sys_lib\Binary.lby"
    LogicalPath="Libraries.sys_lib"
    Type="Library"
    LastWriteTime="133339866162965162" />
  <Object
    Path="C:\Users\jacop\Documents\GitHub\AutomationEngineering\Courses\ASDP\PallettizerProj2_SM\PallettizerProj2_SM\Logical\Libraries\sys_lib\sys_lib.fun"
    LogicalPath="Libraries.sys_lib.sys_lib.fun"
    Type="File"
    LastWriteTime="133339866163121429"
    Private="false" />
  <Object
    Path="C:\Users\jacop\Documents\GitHub\AutomationEngineering\Courses\ASDP\PallettizerProj2_SM\PallettizerProj2_SM\Logical\Libraries\sys_lib\sys_lib.typ"
    LogicalPath="Libraries.sys_lib.sys_lib.typ"
    Type="File"
    LastWriteTime="133339866163277711"
    Private="false" />
  <Object
    Path="C:\Users\jacop\Documents\GitHub\AutomationEngineering\Courses\ASDP\PallettizerProj2_SM\PallettizerProj2_SM\Logical\Libraries\sys_lib\sys_lib.var"
    LogicalPath="Libraries.sys_lib.sys_lib.var"
    Type="File"
    LastWriteTime="133339866163432853"
    Private="false" />
  <Object
    Path="C:\Users\jacop\Documents\GitHub\AutomationEngineering\Courses\ASDP\PallettizerProj2_SM\PallettizerProj2_SM\Logical\Libraries\ComTCP\Package.pkg"
    LogicalPath="Libraries.ComTCP"
    Type="Package"
    LastWriteTime="133339866152651713" />
  <Object
    Path="C:\Users\jacop\Documents\GitHub\AutomationEngineering\Courses\ASDP\PallettizerProj2_SM\PallettizerProj2_SM\Logical\Libraries\ComTCP\ComTCP_L\ANSIC.lby"
    LogicalPath="Libraries.ComTCP.ComTCP_L"
    Type="Library"
    LastWriteTime="133339866152808138" />
  <Object
    Path="C:\Users\jacop\Documents\GitHub\AutomationEngineering\Courses\ASDP\PallettizerProj2_SM\PallettizerProj2_SM\Logical\Libraries\ComTCP\ComTCP_L\MNG_InternalTyp.hpp"
    LogicalPath="Libraries.ComTCP.ComTCP_L.MNG_InternalTyp.hpp"
    Type="File"
    LastWriteTime="133339866153589269"
    Private="false" />
  <Object
    Path="C:\Users\jacop\Documents\GitHub\AutomationEngineering\Courses\ASDP\PallettizerProj2_SM\PallettizerProj2_SM\Logical\Libraries\ComTCP\ComTCP_L\MNG_ComHdlr.hpp"
    LogicalPath="Libraries.ComTCP.ComTCP_L.MNG_ComHdlr.hpp"
    Type="File"
    LastWriteTime="133339866153120535"
    Private="false" />
  <Object
    Path="C:\Users\jacop\Documents\GitHub\AutomationEngineering\Courses\ASDP\PallettizerProj2_SM\PallettizerProj2_SM\Logical\Libraries\ComTCP\ComTCP_L\MNG_ComHdlr.cpp"
    LogicalPath="Libraries.ComTCP.ComTCP_L.MNG_ComHdlr.cpp"
    Type="File"
    LastWriteTime="133339866152964147"
    Private="false" />
  <Object
    Path="C:\Users\jacop\Documents\GitHub\AutomationEngineering\Courses\ASDP\PallettizerProj2_SM\PallettizerProj2_SM\Logical\Libraries\ComTCP\ComTCP_L\MNG_Global.hpp"
    LogicalPath="Libraries.ComTCP.ComTCP_L.MNG_Global.hpp"
    Type="File"
    LastWriteTime="133339866153433022"
    Private="false" />
  <Object
    Path="C:\Users\jacop\Documents\GitHub\AutomationEngineering\Courses\ASDP\PallettizerProj2_SM\PallettizerProj2_SM\Logical\Libraries\ComTCP\ComTCP_L\MNG_CpyOutToMsg.cpp"
    LogicalPath="Libraries.ComTCP.ComTCP_L.MNG_CpyOutToMsg.cpp"
    Type="File"
    LastWriteTime="133339866153276796"
    Private="false" />
  <Object
    Path="C:\Users\jacop\Documents\GitHub\AutomationEngineering\Courses\ASDP\PallettizerProj2_SM\PallettizerProj2_SM\Logical\Libraries\ComTCP\ComTCP_L\MNG_CpyMsgToInp.cpp"
    LogicalPath="Libraries.ComTCP.ComTCP_L.MNG_CpyMsgToInp.cpp"
    Type="File"
    LastWriteTime="133339866153120535"
    Private="false" />
  <Object
    Path="C:\Users\jacop\Documents\GitHub\AutomationEngineering\Courses\ASDP\PallettizerProj2_SM\PallettizerProj2_SM\Logical\Libraries\ComTCP\ComTCP_P\ANSIC.prg"
    LogicalPath="Libraries.ComTCP.ComTCP_P"
    Type="Program"
    LastWriteTime="133339866153746422" />
  <Object
    Path="C:\Users\jacop\Documents\GitHub\AutomationEngineering\Courses\ASDP\PallettizerProj2_SM\PallettizerProj2_SM\Logical\Libraries\ComTCP\ComTCP_P\Main.cpp"
    LogicalPath="Libraries.ComTCP.ComTCP_P.Main.cpp"
    Type="File"
    LastWriteTime="133339866153901891"
    Private="false" />
  <Object
    Path="C:\Users\jacop\Documents\GitHub\AutomationEngineering\Courses\ASDP\PallettizerProj2_SM\PallettizerProj2_SM\Logical\Libraries\ComTCP\ComTCP_P\Types.typ"
    LogicalPath="Libraries.ComTCP.ComTCP_P.Types.typ"
    Type="File"
    LastWriteTime="133339866154058033"
    Private="true" />
  <Object
    Path="C:\Users\jacop\Documents\GitHub\AutomationEngineering\Courses\ASDP\PallettizerProj2_SM\PallettizerProj2_SM\Logical\Libraries\ComTCP\ComTCP_P\Variables.var"
    LogicalPath="Libraries.ComTCP.ComTCP_P.Variables.var"
    Type="File"
    LastWriteTime="133339866154214376"
    Private="true" />
  <Object
    Path="C:\Users\jacop\Documents\GitHub\AutomationEngineering\Courses\ASDP\PallettizerProj2_SM\PallettizerProj2_SM\Logical\Libraries\GenericDev\IEC.lby"
    LogicalPath="Libraries.GenericDev"
    Type="Library"
    LastWriteTime="133339866155465126" />
  <Object
    Path="C:\Users\jacop\Documents\GitHub\AutomationEngineering\Courses\ASDP\PallettizerProj2_SM\PallettizerProj2_SM\Logical\Libraries\GenericDev\Types.typ"
    LogicalPath="Libraries.GenericDev.Types.typ"
    Type="File"
    LastWriteTime="133339866155621439"
    Private="false" />
  <Object
    Path="C:\Users\jacop\Documents\GitHub\AutomationEngineering\Courses\ASDP\PallettizerProj2_SM\PallettizerProj2_SM\Logical\Libraries\GenericDev\Constants.var"
    LogicalPath="Libraries.GenericDev.Constants.var"
    Type="File"
    LastWriteTime="133339866155152084"
    Private="false" />
  <Object
    Path="C:\Users\jacop\Documents\GitHub\AutomationEngineering\Courses\ASDP\PallettizerProj2_SM\PallettizerProj2_SM\Logical\Libraries\GenericDev\GenericDev.fun"
    LogicalPath="Libraries.GenericDev.GenericDev.fun"
    Type="File"
    LastWriteTime="133339948316959808"
    Private="false" />
  <Object
    Path="C:\Users\jacop\Documents\GitHub\AutomationEngineering\Courses\ASDP\PallettizerProj2_SM\PallettizerProj2_SM\Logical\Libraries\GenericDev\GenericDevice.st"
    LogicalPath="Libraries.GenericDev.GenericDevice.st"
    Type="File"
    LastWriteTime="133340622950405141"
    Private="false" />
  <Object
    Path="C:\Users\jacop\Documents\GitHub\AutomationEngineering\Courses\ASDP\PallettizerProj2_SM\PallettizerProj2_SM\Logical\Libraries\GenericAx\IEC.lby"
    LogicalPath="Libraries.GenericAx"
    Type="Library"
    LastWriteTime="133339866154840130" />
  <Object
    Path="C:\Users\jacop\Documents\GitHub\AutomationEngineering\Courses\ASDP\PallettizerProj2_SM\PallettizerProj2_SM\Logical\Libraries\GenericAx\Types.typ"
    LogicalPath="Libraries.GenericAx.Types.typ"
    Type="File"
    LastWriteTime="133339866154996433"
    Private="false" />
  <Object
    Path="C:\Users\jacop\Documents\GitHub\AutomationEngineering\Courses\ASDP\PallettizerProj2_SM\PallettizerProj2_SM\Logical\Libraries\GenericAx\Constants.var"
    LogicalPath="Libraries.GenericAx.Constants.var"
    Type="File"
    LastWriteTime="133339866154371318"
    Private="false" />
  <Object
    Path="C:\Users\jacop\Documents\GitHub\AutomationEngineering\Courses\ASDP\PallettizerProj2_SM\PallettizerProj2_SM\Logical\Libraries\GenericAx\GenericAx.fun"
    LogicalPath="Libraries.GenericAx.GenericAx.fun"
    Type="File"
    LastWriteTime="133339866154527566"
    Private="false" />
  <Object
    Path="C:\Users\jacop\Documents\GitHub\AutomationEngineering\Courses\ASDP\PallettizerProj2_SM\PallettizerProj2_SM\Logical\Libraries\GenericAx\GenericAxis.st"
    LogicalPath="Libraries.GenericAx.GenericAxis.st"
    Type="File"
    LastWriteTime="133339891057328266"
    Private="false" />
  <Object
    Path="C:\Users\jacop\Documents\GitHub\AutomationEngineering\Courses\ASDP\PallettizerProj2_SM\PallettizerProj2_SM\Logical\Libraries\SignalMng\IEC.lby"
    LogicalPath="Libraries.SignalMng"
    Type="Library"
    LastWriteTime="133339866161401769" />
  <Object
    Path="C:\Users\jacop\Documents\GitHub\AutomationEngineering\Courses\ASDP\PallettizerProj2_SM\PallettizerProj2_SM\Logical\Libraries\SignalMng\SignalManagement.st"
    LogicalPath="Libraries.SignalMng.SignalManagement.st"
    Type="File"
    LastWriteTime="133339866161558143"
    Private="false" />
  <Object
    Path="C:\Users\jacop\Documents\GitHub\AutomationEngineering\Courses\ASDP\PallettizerProj2_SM\PallettizerProj2_SM\Logical\Libraries\SignalMng\Types.typ"
    LogicalPath="Libraries.SignalMng.Types.typ"
    Type="File"
    LastWriteTime="133339866161870495"
    Private="false" />
  <Object
    Path="C:\Users\jacop\Documents\GitHub\AutomationEngineering\Courses\ASDP\PallettizerProj2_SM\PallettizerProj2_SM\Logical\Libraries\SignalMng\Constants.var"
    LogicalPath="Libraries.SignalMng.Constants.var"
    Type="File"
    LastWriteTime="133339866161089321"
    Private="false" />
  <Object
    Path="C:\Users\jacop\Documents\GitHub\AutomationEngineering\Courses\ASDP\PallettizerProj2_SM\PallettizerProj2_SM\Logical\Libraries\SignalMng\SignalMng.fun"
    LogicalPath="Libraries.SignalMng.SignalMng.fun"
    Type="File"
    LastWriteTime="133339866161714277"
    Private="false" />
  <Object
    Path="C:\Users\jacop\Documents\GitHub\AutomationEngineering\Courses\ASDP\PallettizerProj2_SM\PallettizerProj2_SM\Logical\Libraries\FilterLib\IEC.lby"
    LogicalPath="Libraries.FilterLib"
    Type="Library"
    LastWriteTime="133339989896003315" />
  <Object
    Path="C:\Users\jacop\Documents\GitHub\AutomationEngineering\Courses\ASDP\PallettizerProj2_SM\PallettizerProj2_SM\Logical\Libraries\FilterLib\Types.typ"
    LogicalPath="Libraries.FilterLib.Types.typ"
    Type="File"
    LastWriteTime="133339989895763029"
    Private="false" />
  <Object
    Path="C:\Users\jacop\Documents\GitHub\AutomationEngineering\Courses\ASDP\PallettizerProj2_SM\PallettizerProj2_SM\Logical\Libraries\FilterLib\Constants.var"
    LogicalPath="Libraries.FilterLib.Constants.var"
    Type="File"
    LastWriteTime="133339989895863377"
    Private="false" />
  <Object
    Path="C:\Users\jacop\Documents\GitHub\AutomationEngineering\Courses\ASDP\PallettizerProj2_SM\PallettizerProj2_SM\Logical\Libraries\FilterLib\FilterLib.fun"
    LogicalPath="Libraries.FilterLib.FilterLib.fun"
    Type="File"
    LastWriteTime="133339990945343042"
    Private="false" />
  <Object
    Path="C:\Users\jacop\Documents\GitHub\AutomationEngineering\Courses\ASDP\PallettizerProj2_SM\PallettizerProj2_SM\Logical\Libraries\FilterLib\MyFilterFB.st"
    LogicalPath="Libraries.FilterLib.MyFilterFB.st"
    Type="File"
    LastWriteTime="133339994708111671"
    Private="false" />
  <Object
    Path="C:\Users\jacop\Documents\GitHub\AutomationEngineering\Courses\ASDP\PallettizerProj2_SM\PallettizerProj2_SM\Logical\InputBridge\IEC.prg"
    LogicalPath="InputBridge"
    Type="Program"
    LastWriteTime="133339866146089096" />
  <Object
    Path="C:\Users\jacop\Documents\GitHub\AutomationEngineering\Courses\ASDP\PallettizerProj2_SM\PallettizerProj2_SM\Logical\InputBridge\Cyclic.st"
    LogicalPath="InputBridge.Cyclic.st"
    Type="File"
    LastWriteTime="133339866145933133"
    Private="false" />
  <Object
    Path="C:\Users\jacop\Documents\GitHub\AutomationEngineering\Courses\ASDP\PallettizerProj2_SM\PallettizerProj2_SM\Logical\InputBridge\Init.st"
    LogicalPath="InputBridge.Init.st"
    Type="File"
    LastWriteTime="133339866146245868"
    Private="false" />
  <Object
    Path="C:\Users\jacop\Documents\GitHub\AutomationEngineering\Courses\ASDP\PallettizerProj2_SM\PallettizerProj2_SM\Logical\InputBridge\Exit.st"
    LogicalPath="InputBridge.Exit.st"
    Type="File"
    LastWriteTime="133339866146089096"
    Private="false" />
  <Object
    Path="C:\Users\jacop\Documents\GitHub\AutomationEngineering\Courses\ASDP\PallettizerProj2_SM\PallettizerProj2_SM\Logical\InputBridge\Types.typ"
    LogicalPath="InputBridge.Types.typ"
    Type="File"
    LastWriteTime="133339866146401597"
    Private="true" />
  <Object
    Path="C:\Users\jacop\Documents\GitHub\AutomationEngineering\Courses\ASDP\PallettizerProj2_SM\PallettizerProj2_SM\Logical\InputBridge\Variables.var"
    LogicalPath="InputBridge.Variables.var"
    Type="File"
    LastWriteTime="133339866146557857"
    Private="true" />
  <Object
    Path="C:\Users\jacop\Documents\GitHub\AutomationEngineering\Courses\ASDP\PallettizerProj2_SM\PallettizerProj2_SM\Logical\OutputBridge\IEC.prg"
    LogicalPath="OutputBridge"
    Type="Program"
    LastWriteTime="133339866164839085" />
  <Object
    Path="C:\Users\jacop\Documents\GitHub\AutomationEngineering\Courses\ASDP\PallettizerProj2_SM\PallettizerProj2_SM\Logical\OutputBridge\Cyclic.st"
    LogicalPath="OutputBridge.Cyclic.st"
    Type="File"
    LastWriteTime="133339866164526785"
    Private="false" />
  <Object
    Path="C:\Users\jacop\Documents\GitHub\AutomationEngineering\Courses\ASDP\PallettizerProj2_SM\PallettizerProj2_SM\Logical\OutputBridge\Init.st"
    LogicalPath="OutputBridge.Init.st"
    Type="File"
    LastWriteTime="133339866164995327"
    Private="false" />
  <Object
    Path="C:\Users\jacop\Documents\GitHub\AutomationEngineering\Courses\ASDP\PallettizerProj2_SM\PallettizerProj2_SM\Logical\OutputBridge\Exit.st"
    LogicalPath="OutputBridge.Exit.st"
    Type="File"
    LastWriteTime="133339866164683052"
    Private="false" />
  <Object
    Path="C:\Users\jacop\Documents\GitHub\AutomationEngineering\Courses\ASDP\PallettizerProj2_SM\PallettizerProj2_SM\Logical\OutputBridge\Types.typ"
    LogicalPath="OutputBridge.Types.typ"
    Type="File"
    LastWriteTime="133339866164995327"
    Private="true" />
  <Object
    Path="C:\Users\jacop\Documents\GitHub\AutomationEngineering\Courses\ASDP\PallettizerProj2_SM\PallettizerProj2_SM\Logical\OutputBridge\Variables.var"
    LogicalPath="OutputBridge.Variables.var"
    Type="File"
    LastWriteTime="133339866165151780"
    Private="true" />
  <Object
    Path="C:\Users\jacop\Documents\GitHub\AutomationEngineering\Courses\ASDP\PallettizerProj2_SM\PallettizerProj2_SM\Logical\MainControl\IEC.prg"
    LogicalPath="MainControl"
    Type="Program"
    LastWriteTime="133339866164057849" />
  <Object
    Path="C:\Users\jacop\Documents\GitHub\AutomationEngineering\Courses\ASDP\PallettizerProj2_SM\PallettizerProj2_SM\Logical\MainControl\Main.st"
    LogicalPath="MainControl.Main.st"
    Type="File"
    LastWriteTime="133340752737489568"
    Private="false" />
  <Object
    Path="C:\Users\jacop\Documents\GitHub\AutomationEngineering\Courses\ASDP\PallettizerProj2_SM\PallettizerProj2_SM\Logical\MainControl\Types.typ"
    LogicalPath="MainControl.Types.typ"
    Type="File"
    LastWriteTime="133339866164370331"
    Private="true" />
  <Object
    Path="C:\Users\jacop\Documents\GitHub\AutomationEngineering\Courses\ASDP\PallettizerProj2_SM\PallettizerProj2_SM\Logical\MainControl\Variables.var"
    LogicalPath="MainControl.Variables.var"
    Type="File"
    LastWriteTime="133339866164370331"
    Private="true" />
  <Object
    Path="C:\Users\jacop\Documents\GitHub\AutomationEngineering\Courses\ASDP\PallettizerProj2_SM\PallettizerProj2_SM\Logical\Feeder\IEC.prg"
    LogicalPath="Feeder"
    Type="Program"
    LastWriteTime="133339866145152681" />
  <Object
    Path="C:\Users\jacop\Documents\GitHub\AutomationEngineering\Courses\ASDP\PallettizerProj2_SM\PallettizerProj2_SM\Logical\Feeder\Main.st"
    LogicalPath="Feeder.Main.st"
    Type="File"
    LastWriteTime="133340838241601785"
    Private="false" />
  <Object
    Path="C:\Users\jacop\Documents\GitHub\AutomationEngineering\Courses\ASDP\PallettizerProj2_SM\PallettizerProj2_SM\Logical\Feeder\Types.typ"
    LogicalPath="Feeder.Types.typ"
    Type="File"
    LastWriteTime="133340790661858243"
    Private="true" />
  <Object
    Path="C:\Users\jacop\Documents\GitHub\AutomationEngineering\Courses\ASDP\PallettizerProj2_SM\PallettizerProj2_SM\Logical\Feeder\Variables.var"
    LogicalPath="Feeder.Variables.var"
    Type="File"
    LastWriteTime="133340825508651379"
    Private="true" />
  <Object
    Path="C:\Users\jacop\Documents\GitHub\AutomationEngineering\Courses\ASDP\PallettizerProj2_SM\PallettizerProj2_SM\Logical\Crane\IEC.prg"
    LogicalPath="Crane"
    Type="Program"
    LastWriteTime="133339866144527669" />
  <Object
    Path="C:\Users\jacop\Documents\GitHub\AutomationEngineering\Courses\ASDP\PallettizerProj2_SM\PallettizerProj2_SM\Logical\Crane\Main.st"
    LogicalPath="Crane.Main.st"
    Type="File"
    LastWriteTime="133339866144839555"
    Private="false" />
  <Object
    Path="C:\Users\jacop\Documents\GitHub\AutomationEngineering\Courses\ASDP\PallettizerProj2_SM\PallettizerProj2_SM\Logical\Crane\Types.typ"
    LogicalPath="Crane.Types.typ"
    Type="File"
    LastWriteTime="133339866144995898"
    Private="true" />
  <Object
    Path="C:\Users\jacop\Documents\GitHub\AutomationEngineering\Courses\ASDP\PallettizerProj2_SM\PallettizerProj2_SM\Logical\Crane\Variables.var"
    LogicalPath="Crane.Variables.var"
    Type="File"
    LastWriteTime="133339866144995898"
    Private="true" />
  <Object
    Path="C:\Users\jacop\Documents\GitHub\AutomationEngineering\Courses\ASDP\PallettizerProj2_SM\PallettizerProj2_SM\Logical\PalletHandler\IEC.prg"
    LogicalPath="PalletHandler"
    Type="Program"
    LastWriteTime="133339866165308049" />
  <Object
    Path="C:\Users\jacop\Documents\GitHub\AutomationEngineering\Courses\ASDP\PallettizerProj2_SM\PallettizerProj2_SM\Logical\PalletHandler\Main.st"
    LogicalPath="PalletHandler.Main.st"
    Type="File"
    LastWriteTime="133341013860386266"
    Private="false" />
  <Object
    Path="C:\Users\jacop\Documents\GitHub\AutomationEngineering\Courses\ASDP\PallettizerProj2_SM\PallettizerProj2_SM\Logical\PalletHandler\Types.typ"
    LogicalPath="PalletHandler.Types.typ"
    Type="File"
    LastWriteTime="133340975639675406"
    Private="true" />
  <Object
    Path="C:\Users\jacop\Documents\GitHub\AutomationEngineering\Courses\ASDP\PallettizerProj2_SM\PallettizerProj2_SM\Logical\PalletHandler\Variables.var"
    LogicalPath="PalletHandler.Variables.var"
    Type="File"
    LastWriteTime="133339866165933823"
    Private="true" />
  <Object
    Path="C:\Users\jacop\Documents\GitHub\AutomationEngineering\Courses\ASDP\PallettizerProj2_SM\PallettizerProj2_SM\Logical\SignalHandler\IEC.prg"
    LogicalPath="SignalHandler"
    Type="Program"
    LastWriteTime="133339866166089099" />
  <Object
    Path="C:\Users\jacop\Documents\GitHub\AutomationEngineering\Courses\ASDP\PallettizerProj2_SM\PallettizerProj2_SM\Logical\SignalHandler\Main.st"
    LogicalPath="SignalHandler.Main.st"
    Type="File"
    LastWriteTime="133340631495246701"
    Private="false" />
  <Object
    Path="C:\Users\jacop\Documents\GitHub\AutomationEngineering\Courses\ASDP\PallettizerProj2_SM\PallettizerProj2_SM\Logical\SignalHandler\Types.typ"
    LogicalPath="SignalHandler.Types.typ"
    Type="File"
    LastWriteTime="133339866166402654"
    Private="true" />
  <Object
    Path="C:\Users\jacop\Documents\GitHub\AutomationEngineering\Courses\ASDP\PallettizerProj2_SM\PallettizerProj2_SM\Logical\SignalHandler\Variables.var"
    LogicalPath="SignalHandler.Variables.var"
    Type="File"
    LastWriteTime="133339866166558115"
    Private="true" />
  <Object
    Path="C:\Users\jacop\Documents\GitHub\AutomationEngineering\Courses\ASDP\PallettizerProj2_SM\PallettizerProj2_SM\Logical\InputFilter\IEC.prg"
    LogicalPath="InputFilter"
    Type="Program"
    LastWriteTime="133339980217941481" />
  <Object
    Path="C:\Users\jacop\Documents\GitHub\AutomationEngineering\Courses\ASDP\PallettizerProj2_SM\PallettizerProj2_SM\Logical\InputFilter\Main.st"
    LogicalPath="InputFilter.Main.st"
    Type="File"
    LastWriteTime="133339984175083203"
    Private="false" />
  <Object
    Path="C:\Users\jacop\Documents\GitHub\AutomationEngineering\Courses\ASDP\PallettizerProj2_SM\PallettizerProj2_SM\Logical\InputFilter\Types.typ"
    LogicalPath="InputFilter.Types.typ"
    Type="File"
    LastWriteTime="133339980217931411"
    Private="true" />
  <Object
    Path="C:\Users\jacop\Documents\GitHub\AutomationEngineering\Courses\ASDP\PallettizerProj2_SM\PallettizerProj2_SM\Logical\InputFilter\Variables.var"
    LogicalPath="InputFilter.Variables.var"
    Type="File"
    LastWriteTime="133339980217941481"
    Private="true" />
  <Object
    Path="C:\Users\jacop\Documents\GitHub\AutomationEngineering\Courses\ASDP\PallettizerProj2_SM\PallettizerProj2_SM\Physical\Config1\Config.pkg"
    LogicalPath="Config1"
    Type="Configuration.ParentUnknown"
    LastWriteTime="133339866276404611" />
  <Object
    Path="C:\Users\jacop\Documents\GitHub\AutomationEngineering\Courses\ASDP\PallettizerProj2_SM\PallettizerProj2_SM\Physical\Config1\Hardware.hw"
    LogicalPath="Config1.Hardware.hw"
    Type="File"
    LastWriteTime="133340743435378563"
    Private="false" />
  <Object
    Path="C:\Users\jacop\Documents\GitHub\AutomationEngineering\Courses\ASDP\PallettizerProj2_SM\PallettizerProj2_SM\Physical\Config1\Hardware.hwl"
    LogicalPath="Config1.Hardware.hwl"
    Type="File"
    LastWriteTime="133339866276716997"
    Private="false" />
  <Object
    Path="C:\Users\jacop\Documents\GitHub\AutomationEngineering\Courses\ASDP\PallettizerProj2_SM\PallettizerProj2_SM\Physical\Config1\X20CP1382\Cpu.pkg"
    LogicalPath="Config1.X20CP1382"
    Type="Cpu"
    LastWriteTime="133341007548368044" />
  <Object
    Path="C:\Users\jacop\Documents\GitHub\AutomationEngineering\Courses\ASDP\PallettizerProj2_SM\PallettizerProj2_SM\Physical\Config1\X20CP1382\Cpu.sw"
    LogicalPath="Config1.X20CP1382.Cpu.sw"
    Type="File"
    LastWriteTime="133340640635717636"
    Private="false" />
  <Object
    Path="C:\Users\jacop\Documents\GitHub\AutomationEngineering\Courses\ASDP\PallettizerProj2_SM\PallettizerProj2_SM\Physical\Config1\X20CP1382\Cpu.per"
    LogicalPath="Config1.X20CP1382.Cpu.per"
    Type="File"
    LastWriteTime="133339866277028843"
    Private="false" />
  <Object
    Path="C:\Users\jacop\Documents\GitHub\AutomationEngineering\Courses\ASDP\PallettizerProj2_SM\PallettizerProj2_SM\Physical\Config1\X20CP1382\IoMap.iom"
    LogicalPath="Config1.X20CP1382.IoMap.iom"
    Type="File"
    LastWriteTime="133339866277341882"
    Private="false" />
  <Object
    Path="C:\Users\jacop\Documents\GitHub\AutomationEngineering\Courses\ASDP\PallettizerProj2_SM\PallettizerProj2_SM\Physical\Config1\X20CP1382\PvMap.vvm"
    LogicalPath="Config1.X20CP1382.PvMap.vvm"
    Type="File"
    LastWriteTime="133339866277497559"
    Private="false" />
  <Object
    Path="C:\Users\jacop\Documents\GitHub\AutomationEngineering\Courses\ASDP\PallettizerProj2_SM\PallettizerProj2_SM\Physical\Config1\X20CP1382\Connectivity\Package.pkg"
    LogicalPath="Config1.X20CP1382.Connectivity"
    Type="Package"
    LastWriteTime="133339866279997112" />
  <Object
    Path="C:\Users\jacop\Documents\GitHub\AutomationEngineering\Courses\ASDP\PallettizerProj2_SM\PallettizerProj2_SM\Physical\Config1\X20CP1382\Connectivity\OpcUA\Package.pkg"
    LogicalPath="Config1.X20CP1382.Connectivity.OpcUA"
    Type="Package"
    LastWriteTime="133339866280154642" />
  <Object
    Path="C:\Users\jacop\Documents\GitHub\AutomationEngineering\Courses\ASDP\PallettizerProj2_SM\PallettizerProj2_SM\Physical\Config1\X20CP1382\Connectivity\OpcUaFx\Package.pkg"
    LogicalPath="Config1.X20CP1382.Connectivity.OpcUaFx"
    Type="Package"
    LastWriteTime="133339866280309630" />
  <Object
    Path="C:\Users\jacop\Documents\GitHub\AutomationEngineering\Courses\ASDP\PallettizerProj2_SM\PallettizerProj2_SM\Physical\Config1\X20CP1382\TextSystem\Package.pkg"
    LogicalPath="Config1.X20CP1382.TextSystem"
    Type="Package"
    LastWriteTime="133339866281716170" />
  <Object
    Path="C:\Users\jacop\Documents\GitHub\AutomationEngineering\Courses\ASDP\PallettizerProj2_SM\PallettizerProj2_SM\Physical\Config1\X20CP1382\UnitSystem\Package.pkg"
    LogicalPath="Config1.X20CP1382.UnitSystem"
    Type="Package"
    LastWriteTime="133339866281872417" />
  <Object
    Path="C:\Users\jacop\Documents\GitHub\AutomationEngineering\Courses\ASDP\PallettizerProj2_SM\PallettizerProj2_SM\Physical\Config1\X20CP1382\AccessAndSecurity\Package.pkg"
    LogicalPath="Config1.X20CP1382.AccessAndSecurity"
    Type="Package"
    LastWriteTime="133339866277654587" />
  <Object
    Path="C:\Users\jacop\Documents\GitHub\AutomationEngineering\Courses\ASDP\PallettizerProj2_SM\PallettizerProj2_SM\Physical\Config1\X20CP1382\AccessAndSecurity\UserRoleSystem\Package.pkg"
    LogicalPath="Config1.X20CP1382.AccessAndSecurity.UserRoleSystem"
    Type="Package"
    LastWriteTime="133339866279528369" />
  <Object
    Path="C:\Users\jacop\Documents\GitHub\AutomationEngineering\Courses\ASDP\PallettizerProj2_SM\PallettizerProj2_SM\Physical\Config1\X20CP1382\AccessAndSecurity\UserRoleSystem\Role.role"
    LogicalPath="Config1.X20CP1382.AccessAndSecurity.UserRoleSystem.Role.role"
    Type="File"
    LastWriteTime="133339866279684890"
    Private="false" />
  <Object
    Path="C:\Users\jacop\Documents\GitHub\AutomationEngineering\Courses\ASDP\PallettizerProj2_SM\PallettizerProj2_SM\Physical\Config1\X20CP1382\AccessAndSecurity\UserRoleSystem\User.user"
    LogicalPath="Config1.X20CP1382.AccessAndSecurity.UserRoleSystem.User.user"
    Type="File"
    LastWriteTime="133339866279840867"
    Private="false" />
  <Object
    Path="C:\Users\jacop\Documents\GitHub\AutomationEngineering\Courses\ASDP\PallettizerProj2_SM\PallettizerProj2_SM\Physical\Config1\X20CP1382\AccessAndSecurity\CertificateStore\Package.pkg"
    LogicalPath="Config1.X20CP1382.AccessAndSecurity.CertificateStore"
    Type="Package"
    LastWriteTime="133339866277654587" />
  <Object
    Path="C:\Users\jacop\Documents\GitHub\AutomationEngineering\Courses\ASDP\PallettizerProj2_SM\PallettizerProj2_SM\Physical\Config1\X20CP1382\AccessAndSecurity\CertificateStore\OwnCertificates\Package.pkg"
    LogicalPath="Config1.X20CP1382.AccessAndSecurity.CertificateStore.OwnCertificates"
    Type="Package"
    LastWriteTime="133339866278278379" />
  <Object
    Path="C:\Users\jacop\Documents\GitHub\AutomationEngineering\Courses\ASDP\PallettizerProj2_SM\PallettizerProj2_SM\Physical\Config1\X20CP1382\AccessAndSecurity\CertificateStore\OwnCertificates\Certificates\Package.pkg"
    LogicalPath="Config1.X20CP1382.AccessAndSecurity.CertificateStore.OwnCertificates.Certificates"
    Type="Package"
    LastWriteTime="133339866278434623" />
  <Object
    Path="C:\Users\jacop\Documents\GitHub\AutomationEngineering\Courses\ASDP\PallettizerProj2_SM\PallettizerProj2_SM\Physical\Config1\X20CP1382\AccessAndSecurity\CertificateStore\OwnCertificates\PrivateKeys\Package.pkg"
    LogicalPath="Config1.X20CP1382.AccessAndSecurity.CertificateStore.OwnCertificates.PrivateKeys"
    Type="Package"
    LastWriteTime="133339866278591893" />
  <Object
    Path="C:\Users\jacop\Documents\GitHub\AutomationEngineering\Courses\ASDP\PallettizerProj2_SM\PallettizerProj2_SM\Physical\Config1\X20CP1382\AccessAndSecurity\CertificateStore\ThirdPartyCertificates\Package.pkg"
    LogicalPath="Config1.X20CP1382.AccessAndSecurity.CertificateStore.ThirdPartyCertificates"
    Type="Package"
    LastWriteTime="133339866278748256" />
  <Object
    Path="C:\Users\jacop\Documents\GitHub\AutomationEngineering\Courses\ASDP\PallettizerProj2_SM\PallettizerProj2_SM\Physical\Config1\X20CP1382\AccessAndSecurity\CertificateStore\ThirdPartyCertificates\SoftwareCertificates\Package.pkg"
    LogicalPath="Config1.X20CP1382.AccessAndSecurity.CertificateStore.ThirdPartyCertificates.SoftwareCertificates"
    Type="Package"
    LastWriteTime="133339866278904446" />
  <Object
    Path="C:\Users\jacop\Documents\GitHub\AutomationEngineering\Courses\ASDP\PallettizerProj2_SM\PallettizerProj2_SM\Physical\Config1\X20CP1382\AccessAndSecurity\CertificateStore\CertificateRevocationLists\Package.pkg"
    LogicalPath="Config1.X20CP1382.AccessAndSecurity.CertificateStore.CertificateRevocationLists"
    Type="Package"
    LastWriteTime="133339866277966938" />
  <Object
    Path="C:\Users\jacop\Documents\GitHub\AutomationEngineering\Courses\ASDP\PallettizerProj2_SM\PallettizerProj2_SM\Physical\Config1\X20CP1382\AccessAndSecurity\CertificateStore\CertificateSigningRequests\Package.pkg"
    LogicalPath="Config1.X20CP1382.AccessAndSecurity.CertificateStore.CertificateSigningRequests"
    Type="Package"
    LastWriteTime="133339866278123421" />
  <Object
    Path="C:\Users\jacop\Documents\GitHub\AutomationEngineering\Courses\ASDP\PallettizerProj2_SM\PallettizerProj2_SM\Physical\Config1\X20CP1382\AccessAndSecurity\TransportLayerSecurity\Package.pkg"
    LogicalPath="Config1.X20CP1382.AccessAndSecurity.TransportLayerSecurity"
    Type="Package"
    LastWriteTime="133339866279372121" />
  <Object
    Path="C:\Users\jacop\Documents\GitHub\AutomationEngineering\Courses\ASDP\PallettizerProj2_SM\PallettizerProj2_SM\Physical\Config1\X20CP1382\AccessAndSecurity\Firewall\Package.pkg"
    LogicalPath="Config1.X20CP1382.AccessAndSecurity.Firewall"
    Type="Package"
    LastWriteTime="133339866279060776" />
  <Object
    Path="C:\Users\jacop\Documents\GitHub\AutomationEngineering\Courses\ASDP\PallettizerProj2_SM\PallettizerProj2_SM\Physical\Config1\X20CP1382\AccessAndSecurity\Firewall\Rules.firewallRules"
    LogicalPath="Config1.X20CP1382.AccessAndSecurity.Firewall.Rules.firewallRules"
    Type="File"
    LastWriteTime="133339866279217221"
    Private="false" />
  <Object
    Path="C:\Users\jacop\Documents\GitHub\AutomationEngineering\Courses\ASDP\PallettizerProj2_SM\PallettizerProj2_SM\Physical\Config1\X20CP1382\mappControl\Package.pkg"
    LogicalPath="Config1.X20CP1382.mappControl"
    Type="Package"
    LastWriteTime="133339866280622111" />
  <Object
    Path="C:\Users\jacop\Documents\GitHub\AutomationEngineering\Courses\ASDP\PallettizerProj2_SM\PallettizerProj2_SM\Physical\Config1\X20CP1382\mappMotion\Package.pkg"
    LogicalPath="Config1.X20CP1382.mappMotion"
    Type="Package"
    LastWriteTime="133339866280778545" />
  <Object
    Path="C:\Users\jacop\Documents\GitHub\AutomationEngineering\Courses\ASDP\PallettizerProj2_SM\PallettizerProj2_SM\Physical\Config1\X20CP1382\mappServices\Package.pkg"
    LogicalPath="Config1.X20CP1382.mappServices"
    Type="Package"
    LastWriteTime="133339866281248201" />
  <Object
    Path="C:\Users\jacop\Documents\GitHub\AutomationEngineering\Courses\ASDP\PallettizerProj2_SM\PallettizerProj2_SM\Physical\Config1\X20CP1382\mappSafety\Package.pkg"
    LogicalPath="Config1.X20CP1382.mappSafety"
    Type="Package"
    LastWriteTime="133339866280778545" />
  <Object
    Path="C:\Users\jacop\Documents\GitHub\AutomationEngineering\Courses\ASDP\PallettizerProj2_SM\PallettizerProj2_SM\Physical\Config1\X20CP1382\mappSafety\SafeApplication\Package.pkg"
    LogicalPath="Config1.X20CP1382.mappSafety.SafeApplication"
    Type="Package"
    LastWriteTime="133339866280934792" />
  <Object
    Path="C:\Users\jacop\Documents\GitHub\AutomationEngineering\Courses\ASDP\PallettizerProj2_SM\PallettizerProj2_SM\Physical\Config1\X20CP1382\mappSafety\SafeCommissioning\Package.pkg"
    LogicalPath="Config1.X20CP1382.mappSafety.SafeCommissioning"
    Type="Package"
    LastWriteTime="133339866281090884" />
  <Object
    Path="C:\Users\jacop\Documents\GitHub\AutomationEngineering\Courses\ASDP\PallettizerProj2_SM\PallettizerProj2_SM\Physical\Config1\X20CP1382\mappView\Package.pkg"
    LogicalPath="Config1.X20CP1382.mappView"
    Type="Package"
    LastWriteTime="133339866281404471" />
  <Object
    Path="C:\Users\jacop\Documents\GitHub\AutomationEngineering\Courses\ASDP\PallettizerProj2_SM\PallettizerProj2_SM\Physical\Config1\X20CP1382\mappVision\Package.pkg"
    LogicalPath="Config1.X20CP1382.mappVision"
    Type="Package"
    LastWriteTime="133339866281559917" />
  <Object
    Path="C:\Users\jacop\Documents\GitHub\AutomationEngineering\Courses\ASDP\PallettizerProj2_SM\PallettizerProj2_SM\Physical\Config1\X20CP1382\mappCockpit\Package.pkg"
    LogicalPath="Config1.X20CP1382.mappCockpit"
    Type="Package"
    LastWriteTime="133339866280466143" />
  <Object
    Path="C:\Users\jacop\Documents\GitHub\AutomationEngineering\Courses\ASDP\PallettizerProj2_SM\PallettizerProj2_SM\Physical\Config1\Hardware.jpg"
    LogicalPath="Config1.Hardware.jpg"
    Type="File"
    LastWriteTime="133339866276872565"
    Private="false" />
</Objects>