C:\Users\jacop\Documents\GitHub\AutomationEngineering\Courses\ASDP\PallettizerProj2\Logical\Global.var
C:\Users\jacop\Documents\GitHub\AutomationEngineering\Courses\ASDP\PallettizerProj2\Logical\Global.typ
C:\Users\jacop\Documents\GitHub\AutomationEngineering\Courses\ASDP\PallettizerProj2\Logical\MNG_Global.typ
C:\Users\jacop\Documents\GitHub\AutomationEngineering\Courses\ASDP\PallettizerProj2\Logical\MNG_Package.typ
C:\Users\jacop\Documents\GitHub\AutomationEngineering\Courses\ASDP\PallettizerProj2\Logical\MNG_Package.var
C:\Users\jacop\Documents\GitHub\AutomationEngineering\Courses\ASDP\PallettizerProj2\Logical\Libraries\operator\operator.fun
C:\Users\jacop\Documents\GitHub\AutomationEngineering\Courses\ASDP\PallettizerProj2\Logical\Libraries\operator\operator.typ
C:\Users\jacop\Documents\GitHub\AutomationEngineering\Courses\ASDP\PallettizerProj2\Logical\Libraries\operator\operator.var
C:\Users\jacop\Documents\GitHub\AutomationEngineering\Courses\ASDP\PallettizerProj2\Logical\Libraries\runtime\runtime.fun
C:\Users\jacop\Documents\GitHub\AutomationEngineering\Courses\ASDP\PallettizerProj2\Logical\Libraries\runtime\runtime.typ
C:\Users\jacop\Documents\GitHub\AutomationEngineering\Courses\ASDP\PallettizerProj2\Logical\Libraries\runtime\runtime.var
C:\Users\jacop\Documents\GitHub\AutomationEngineering\Courses\ASDP\PallettizerProj2\Logical\Libraries\astime\astime.fun
C:\Users\jacop\Documents\GitHub\AutomationEngineering\Courses\ASDP\PallettizerProj2\Logical\Libraries\astime\astime.typ
C:\Users\jacop\Documents\GitHub\AutomationEngineering\Courses\ASDP\PallettizerProj2\Logical\Libraries\astime\astime.var
C:\Users\jacop\Documents\GitHub\AutomationEngineering\Courses\ASDP\PallettizerProj2\Logical\Libraries\AsIecCon\AsIecCon.fun
C:\Users\jacop\Documents\GitHub\AutomationEngineering\Courses\ASDP\PallettizerProj2\Logical\Libraries\AsIecCon\AsIecCon.typ
C:\Users\jacop\Documents\GitHub\AutomationEngineering\Courses\ASDP\PallettizerProj2\Logical\Libraries\AsIecCon\AsIecCon.var
C:\Users\jacop\Documents\GitHub\AutomationEngineering\Courses\ASDP\PallettizerProj2\Logical\Libraries\standard\standard.fun
C:\Users\jacop\Documents\GitHub\AutomationEngineering\Courses\ASDP\PallettizerProj2\Logical\Libraries\AsArLog\AsArLog.var
C:\Users\jacop\Documents\GitHub\AutomationEngineering\Courses\ASDP\PallettizerProj2\Logical\Libraries\AsArLog\AsArLog.typ
C:\Users\jacop\Documents\GitHub\AutomationEngineering\Courses\ASDP\PallettizerProj2\Logical\Libraries\AsArLog\AsArLog.fun
C:\Users\jacop\Documents\GitHub\AutomationEngineering\Courses\ASDP\PallettizerProj2\Logical\Libraries\AsBrStr\AsBrStr.fun
C:\Users\jacop\Documents\GitHub\AutomationEngineering\Courses\ASDP\PallettizerProj2\Logical\Libraries\AsTCP\AsTCP.var
C:\Users\jacop\Documents\GitHub\AutomationEngineering\Courses\ASDP\PallettizerProj2\Logical\Libraries\AsTCP\AsTCP.typ
C:\Users\jacop\Documents\GitHub\AutomationEngineering\Courses\ASDP\PallettizerProj2\Logical\Libraries\AsTCP\AsTCP.fun
C:\Users\jacop\Documents\GitHub\AutomationEngineering\Courses\ASDP\PallettizerProj2\Logical\Libraries\MTBasics\MTBasics.fun
C:\Users\jacop\Documents\GitHub\AutomationEngineering\Courses\ASDP\PallettizerProj2\Logical\Libraries\MTBasics\MTBasics.typ
C:\Users\jacop\Documents\GitHub\AutomationEngineering\Courses\ASDP\PallettizerProj2\Logical\Libraries\MTBasics\MTBasics.var
C:\Users\jacop\Documents\GitHub\AutomationEngineering\Courses\ASDP\PallettizerProj2\Logical\Libraries\brsystem\brsystem.fun
C:\Users\jacop\Documents\GitHub\AutomationEngineering\Courses\ASDP\PallettizerProj2\Logical\Libraries\brsystem\brsystem.typ
C:\Users\jacop\Documents\GitHub\AutomationEngineering\Courses\ASDP\PallettizerProj2\Logical\Libraries\brsystem\brsystem.var
C:\Users\jacop\Documents\GitHub\AutomationEngineering\Courses\ASDP\PallettizerProj2\Logical\Libraries\MTTypes\MTTypes.fun
C:\Users\jacop\Documents\GitHub\AutomationEngineering\Courses\ASDP\PallettizerProj2\Logical\Libraries\MTTypes\MTTypes.typ
C:\Users\jacop\Documents\GitHub\AutomationEngineering\Courses\ASDP\PallettizerProj2\Logical\Libraries\MTTypes\MTTypes.var
C:\Users\jacop\Documents\GitHub\AutomationEngineering\Courses\ASDP\PallettizerProj2\Logical\Libraries\sys_lib\sys_lib.fun
C:\Users\jacop\Documents\GitHub\AutomationEngineering\Courses\ASDP\PallettizerProj2\Logical\Libraries\sys_lib\sys_lib.typ
C:\Users\jacop\Documents\GitHub\AutomationEngineering\Courses\ASDP\PallettizerProj2\Logical\Libraries\sys_lib\sys_lib.var
C:\Users\jacop\Documents\GitHub\AutomationEngineering\Courses\ASDP\PallettizerProj2\Logical\Libraries\GenericDev\Types.typ
C:\Users\jacop\Documents\GitHub\AutomationEngineering\Courses\ASDP\PallettizerProj2\Logical\Libraries\GenericDev\Constants.var
C:\Users\jacop\Documents\GitHub\AutomationEngineering\Courses\ASDP\PallettizerProj2\Logical\Libraries\GenericDev\GenericDev.fun
C:\Users\jacop\Documents\GitHub\AutomationEngineering\Courses\ASDP\PallettizerProj2\Logical\Libraries\GenericAx\Types.typ
C:\Users\jacop\Documents\GitHub\AutomationEngineering\Courses\ASDP\PallettizerProj2\Logical\Libraries\GenericAx\Constants.var
C:\Users\jacop\Documents\GitHub\AutomationEngineering\Courses\ASDP\PallettizerProj2\Logical\Libraries\GenericAx\GenericAx.fun
C:\Users\jacop\Documents\GitHub\AutomationEngineering\Courses\ASDP\PallettizerProj2\Logical\Libraries\SignalMng\Types.typ
C:\Users\jacop\Documents\GitHub\AutomationEngineering\Courses\ASDP\PallettizerProj2\Logical\Libraries\SignalMng\Constants.var
C:\Users\jacop\Documents\GitHub\AutomationEngineering\Courses\ASDP\PallettizerProj2\Logical\Libraries\SignalMng\SignalMng.fun
