<?xml version="1.0" encoding="utf-8"?>
<?AutomationStudio Version="4.12.2.93"?>
<Objects>
  <Object
    Path="C:\Users\jacop\Documents\GitHub\AutomationEngineering\Courses\ASDP\PallettizerProj2\Logical\Package.pkg"
    LogicalPath=""
    Type="Package.ParentUnknown"
    LastWriteTime="133338253701302026" />
  <Object
    Path="C:\Users\jacop\Documents\GitHub\AutomationEngineering\Courses\ASDP\PallettizerProj2\Logical\Global.var"
    LogicalPath="Global.var"
    Type="File"
    LastWriteTime="133338278397864612"
    Private="false" />
  <Object
    Path="C:\Users\jacop\Documents\GitHub\AutomationEngineering\Courses\ASDP\PallettizerProj2\Logical\Global.typ"
    LogicalPath="Global.typ"
    Type="File"
    LastWriteTime="133336313424631555"
    Private="false" />
  <Object
    Path="C:\Users\jacop\Documents\GitHub\AutomationEngineering\Courses\ASDP\PallettizerProj2\Logical\MNG_Global.typ"
    LogicalPath="MNG_Global.typ"
    Type="File"
    LastWriteTime="133331067105927858"
    Private="false" />
  <Object
    Path="C:\Users\jacop\Documents\GitHub\AutomationEngineering\Courses\ASDP\PallettizerProj2\Logical\MNG_Package.typ"
    LogicalPath="MNG_Package.typ"
    Type="File"
    LastWriteTime="133331066093008209"
    Private="false" />
  <Object
    Path="C:\Users\jacop\Documents\GitHub\AutomationEngineering\Courses\ASDP\PallettizerProj2\Logical\MNG_Package.var"
    LogicalPath="MNG_Package.var"
    Type="File"
    LastWriteTime="133339110080174437"
    Private="false" />
  <Object
    Path="C:\Users\jacop\Documents\GitHub\AutomationEngineering\Courses\ASDP\PallettizerProj2\Logical\Libraries\Package.pkg"
    LogicalPath="Libraries"
    Type="Package"
    LastWriteTime="133338202820840710" />
  <Object
    Path="C:\Users\jacop\Documents\GitHub\AutomationEngineering\Courses\ASDP\PallettizerProj2\Logical\Libraries\operator\Binary.lby"
    LogicalPath="Libraries.operator"
    Type="Library"
    LastWriteTime="133330653397885991" />
  <Object
    Path="C:\Users\jacop\Documents\GitHub\AutomationEngineering\Courses\ASDP\PallettizerProj2\Logical\Libraries\operator\operator.fun"
    LogicalPath="Libraries.operator.operator.fun"
    Type="File"
    LastWriteTime="133330653397875975"
    Private="false" />
  <Object
    Path="C:\Users\jacop\Documents\GitHub\AutomationEngineering\Courses\ASDP\PallettizerProj2\Logical\Libraries\operator\operator.typ"
    LogicalPath="Libraries.operator.operator.typ"
    Type="File"
    LastWriteTime="133330653397875975"
    Private="false" />
  <Object
    Path="C:\Users\jacop\Documents\GitHub\AutomationEngineering\Courses\ASDP\PallettizerProj2\Logical\Libraries\operator\operator.var"
    LogicalPath="Libraries.operator.operator.var"
    Type="File"
    LastWriteTime="133330653397885991"
    Private="false" />
  <Object
    Path="C:\Users\jacop\Documents\GitHub\AutomationEngineering\Courses\ASDP\PallettizerProj2\Logical\Libraries\runtime\Binary.lby"
    LogicalPath="Libraries.runtime"
    Type="Library"
    LastWriteTime="133330653397885991" />
  <Object
    Path="C:\Users\jacop\Documents\GitHub\AutomationEngineering\Courses\ASDP\PallettizerProj2\Logical\Libraries\runtime\runtime.fun"
    LogicalPath="Libraries.runtime.runtime.fun"
    Type="File"
    LastWriteTime="133330653397885991"
    Private="false" />
  <Object
    Path="C:\Users\jacop\Documents\GitHub\AutomationEngineering\Courses\ASDP\PallettizerProj2\Logical\Libraries\runtime\runtime.typ"
    LogicalPath="Libraries.runtime.runtime.typ"
    Type="File"
    LastWriteTime="133330653397885991"
    Private="false" />
  <Object
    Path="C:\Users\jacop\Documents\GitHub\AutomationEngineering\Courses\ASDP\PallettizerProj2\Logical\Libraries\runtime\runtime.var"
    LogicalPath="Libraries.runtime.runtime.var"
    Type="File"
    LastWriteTime="133330653397885991"
    Private="false" />
  <Object
    Path="C:\Users\jacop\Documents\GitHub\AutomationEngineering\Courses\ASDP\PallettizerProj2\Logical\Libraries\astime\Binary.lby"
    LogicalPath="Libraries.astime"
    Type="Library"
    LastWriteTime="133330653397895979" />
  <Object
    Path="C:\Users\jacop\Documents\GitHub\AutomationEngineering\Courses\ASDP\PallettizerProj2\Logical\Libraries\astime\astime.fun"
    LogicalPath="Libraries.astime.astime.fun"
    Type="File"
    LastWriteTime="133330653397895979"
    Private="false" />
  <Object
    Path="C:\Users\jacop\Documents\GitHub\AutomationEngineering\Courses\ASDP\PallettizerProj2\Logical\Libraries\astime\astime.typ"
    LogicalPath="Libraries.astime.astime.typ"
    Type="File"
    LastWriteTime="133330653397895979"
    Private="false" />
  <Object
    Path="C:\Users\jacop\Documents\GitHub\AutomationEngineering\Courses\ASDP\PallettizerProj2\Logical\Libraries\astime\astime.var"
    LogicalPath="Libraries.astime.astime.var"
    Type="File"
    LastWriteTime="133330653397895979"
    Private="false" />
  <Object
    Path="C:\Users\jacop\Documents\GitHub\AutomationEngineering\Courses\ASDP\PallettizerProj2\Logical\Libraries\AsIecCon\Binary.lby"
    LogicalPath="Libraries.AsIecCon"
    Type="Library"
    LastWriteTime="133330653397905977" />
  <Object
    Path="C:\Users\jacop\Documents\GitHub\AutomationEngineering\Courses\ASDP\PallettizerProj2\Logical\Libraries\AsIecCon\AsIecCon.fun"
    LogicalPath="Libraries.AsIecCon.AsIecCon.fun"
    Type="File"
    LastWriteTime="133330653397895979"
    Private="false" />
  <Object
    Path="C:\Users\jacop\Documents\GitHub\AutomationEngineering\Courses\ASDP\PallettizerProj2\Logical\Libraries\AsIecCon\AsIecCon.typ"
    LogicalPath="Libraries.AsIecCon.AsIecCon.typ"
    Type="File"
    LastWriteTime="133330653397895979"
    Private="false" />
  <Object
    Path="C:\Users\jacop\Documents\GitHub\AutomationEngineering\Courses\ASDP\PallettizerProj2\Logical\Libraries\AsIecCon\AsIecCon.var"
    LogicalPath="Libraries.AsIecCon.AsIecCon.var"
    Type="File"
    LastWriteTime="133330653397905977"
    Private="false" />
  <Object
    Path="C:\Users\jacop\Documents\GitHub\AutomationEngineering\Courses\ASDP\PallettizerProj2\Logical\Libraries\standard\Binary.lby"
    LogicalPath="Libraries.standard"
    Type="Library"
    LastWriteTime="130392857260000000" />
  <Object
    Path="C:\Users\jacop\Documents\GitHub\AutomationEngineering\Courses\ASDP\PallettizerProj2\Logical\Libraries\standard\standard.fun"
    LogicalPath="Libraries.standard.standard.fun"
    Type="File"
    LastWriteTime="130392857260000000"
    Private="false" />
  <Object
    Path="C:\Users\jacop\Documents\GitHub\AutomationEngineering\Courses\ASDP\PallettizerProj2\Logical\Libraries\AsArLog\Binary.lby"
    LogicalPath="Libraries.AsArLog"
    Type="Library"
    LastWriteTime="130392857360000000" />
  <Object
    Path="C:\Users\jacop\Documents\GitHub\AutomationEngineering\Courses\ASDP\PallettizerProj2\Logical\Libraries\AsArLog\AsArLog.var"
    LogicalPath="Libraries.AsArLog.AsArLog.var"
    Type="File"
    LastWriteTime="130392857360000000"
    Private="false" />
  <Object
    Path="C:\Users\jacop\Documents\GitHub\AutomationEngineering\Courses\ASDP\PallettizerProj2\Logical\Libraries\AsArLog\AsArLog.typ"
    LogicalPath="Libraries.AsArLog.AsArLog.typ"
    Type="File"
    LastWriteTime="130392857360000000"
    Private="false" />
  <Object
    Path="C:\Users\jacop\Documents\GitHub\AutomationEngineering\Courses\ASDP\PallettizerProj2\Logical\Libraries\AsArLog\AsArLog.fun"
    LogicalPath="Libraries.AsArLog.AsArLog.fun"
    Type="File"
    LastWriteTime="130392857360000000"
    Private="false" />
  <Object
    Path="C:\Users\jacop\Documents\GitHub\AutomationEngineering\Courses\ASDP\PallettizerProj2\Logical\Libraries\AsBrStr\Binary.lby"
    LogicalPath="Libraries.AsBrStr"
    Type="Library"
    LastWriteTime="130392857500000000" />
  <Object
    Path="C:\Users\jacop\Documents\GitHub\AutomationEngineering\Courses\ASDP\PallettizerProj2\Logical\Libraries\AsBrStr\AsBrStr.fun"
    LogicalPath="Libraries.AsBrStr.AsBrStr.fun"
    Type="File"
    LastWriteTime="130392857500000000"
    Private="false" />
  <Object
    Path="C:\Users\jacop\Documents\GitHub\AutomationEngineering\Courses\ASDP\PallettizerProj2\Logical\Libraries\AsTCP\Binary.lby"
    LogicalPath="Libraries.AsTCP"
    Type="Library"
    LastWriteTime="130392857700000000" />
  <Object
    Path="C:\Users\jacop\Documents\GitHub\AutomationEngineering\Courses\ASDP\PallettizerProj2\Logical\Libraries\AsTCP\AsTCP.var"
    LogicalPath="Libraries.AsTCP.AsTCP.var"
    Type="File"
    LastWriteTime="130392857700000000"
    Private="false" />
  <Object
    Path="C:\Users\jacop\Documents\GitHub\AutomationEngineering\Courses\ASDP\PallettizerProj2\Logical\Libraries\AsTCP\AsTCP.typ"
    LogicalPath="Libraries.AsTCP.AsTCP.typ"
    Type="File"
    LastWriteTime="130392857700000000"
    Private="false" />
  <Object
    Path="C:\Users\jacop\Documents\GitHub\AutomationEngineering\Courses\ASDP\PallettizerProj2\Logical\Libraries\AsTCP\AsTCP.fun"
    LogicalPath="Libraries.AsTCP.AsTCP.fun"
    Type="File"
    LastWriteTime="130392857700000000"
    Private="false" />
  <Object
    Path="C:\Users\jacop\Documents\GitHub\AutomationEngineering\Courses\ASDP\PallettizerProj2\Logical\Libraries\MTBasics\Binary.lby"
    LogicalPath="Libraries.MTBasics"
    Type="Library"
    LastWriteTime="131677620360000000" />
  <Object
    Path="C:\Users\jacop\Documents\GitHub\AutomationEngineering\Courses\ASDP\PallettizerProj2\Logical\Libraries\MTBasics\MTBasics.fun"
    LogicalPath="Libraries.MTBasics.MTBasics.fun"
    Type="File"
    LastWriteTime="131677620360000000"
    Private="false" />
  <Object
    Path="C:\Users\jacop\Documents\GitHub\AutomationEngineering\Courses\ASDP\PallettizerProj2\Logical\Libraries\MTBasics\MTBasics.typ"
    LogicalPath="Libraries.MTBasics.MTBasics.typ"
    Type="File"
    LastWriteTime="131677620360000000"
    Private="false" />
  <Object
    Path="C:\Users\jacop\Documents\GitHub\AutomationEngineering\Courses\ASDP\PallettizerProj2\Logical\Libraries\MTBasics\MTBasics.var"
    LogicalPath="Libraries.MTBasics.MTBasics.var"
    Type="File"
    LastWriteTime="131677620360000000"
    Private="false" />
  <Object
    Path="C:\Users\jacop\Documents\GitHub\AutomationEngineering\Courses\ASDP\PallettizerProj2\Logical\Libraries\brsystem\Binary.lby"
    LogicalPath="Libraries.brsystem"
    Type="Library"
    LastWriteTime="131677620360000000" />
  <Object
    Path="C:\Users\jacop\Documents\GitHub\AutomationEngineering\Courses\ASDP\PallettizerProj2\Logical\Libraries\brsystem\brsystem.fun"
    LogicalPath="Libraries.brsystem.brsystem.fun"
    Type="File"
    LastWriteTime="131677620360000000"
    Private="false" />
  <Object
    Path="C:\Users\jacop\Documents\GitHub\AutomationEngineering\Courses\ASDP\PallettizerProj2\Logical\Libraries\brsystem\brsystem.typ"
    LogicalPath="Libraries.brsystem.brsystem.typ"
    Type="File"
    LastWriteTime="131677620360000000"
    Private="false" />
  <Object
    Path="C:\Users\jacop\Documents\GitHub\AutomationEngineering\Courses\ASDP\PallettizerProj2\Logical\Libraries\brsystem\brsystem.var"
    LogicalPath="Libraries.brsystem.brsystem.var"
    Type="File"
    LastWriteTime="131677620360000000"
    Private="false" />
  <Object
    Path="C:\Users\jacop\Documents\GitHub\AutomationEngineering\Courses\ASDP\PallettizerProj2\Logical\Libraries\MTTypes\Binary.lby"
    LogicalPath="Libraries.MTTypes"
    Type="Library"
    LastWriteTime="131677620380000000" />
  <Object
    Path="C:\Users\jacop\Documents\GitHub\AutomationEngineering\Courses\ASDP\PallettizerProj2\Logical\Libraries\MTTypes\MTTypes.fun"
    LogicalPath="Libraries.MTTypes.MTTypes.fun"
    Type="File"
    LastWriteTime="131677620380000000"
    Private="false" />
  <Object
    Path="C:\Users\jacop\Documents\GitHub\AutomationEngineering\Courses\ASDP\PallettizerProj2\Logical\Libraries\MTTypes\MTTypes.typ"
    LogicalPath="Libraries.MTTypes.MTTypes.typ"
    Type="File"
    LastWriteTime="131677620380000000"
    Private="false" />
  <Object
    Path="C:\Users\jacop\Documents\GitHub\AutomationEngineering\Courses\ASDP\PallettizerProj2\Logical\Libraries\MTTypes\MTTypes.var"
    LogicalPath="Libraries.MTTypes.MTTypes.var"
    Type="File"
    LastWriteTime="131677620380000000"
    Private="false" />
  <Object
    Path="C:\Users\jacop\Documents\GitHub\AutomationEngineering\Courses\ASDP\PallettizerProj2\Logical\Libraries\sys_lib\Binary.lby"
    LogicalPath="Libraries.sys_lib"
    Type="Library"
    LastWriteTime="131677620380000000" />
  <Object
    Path="C:\Users\jacop\Documents\GitHub\AutomationEngineering\Courses\ASDP\PallettizerProj2\Logical\Libraries\sys_lib\sys_lib.fun"
    LogicalPath="Libraries.sys_lib.sys_lib.fun"
    Type="File"
    LastWriteTime="131677620380000000"
    Private="false" />
  <Object
    Path="C:\Users\jacop\Documents\GitHub\AutomationEngineering\Courses\ASDP\PallettizerProj2\Logical\Libraries\sys_lib\sys_lib.typ"
    LogicalPath="Libraries.sys_lib.sys_lib.typ"
    Type="File"
    LastWriteTime="131677620380000000"
    Private="false" />
  <Object
    Path="C:\Users\jacop\Documents\GitHub\AutomationEngineering\Courses\ASDP\PallettizerProj2\Logical\Libraries\sys_lib\sys_lib.var"
    LogicalPath="Libraries.sys_lib.sys_lib.var"
    Type="File"
    LastWriteTime="131677620380000000"
    Private="false" />
  <Object
    Path="C:\Users\jacop\Documents\GitHub\AutomationEngineering\Courses\ASDP\PallettizerProj2\Logical\Libraries\ComTCP\Package.pkg"
    LogicalPath="Libraries.ComTCP"
    Type="Package"
    LastWriteTime="132343676120000000" />
  <Object
    Path="C:\Users\jacop\Documents\GitHub\AutomationEngineering\Courses\ASDP\PallettizerProj2\Logical\Libraries\ComTCP\ComTCP_L\ANSIC.lby"
    LogicalPath="Libraries.ComTCP.ComTCP_L"
    Type="Library"
    LastWriteTime="132343638800000000" />
  <Object
    Path="C:\Users\jacop\Documents\GitHub\AutomationEngineering\Courses\ASDP\PallettizerProj2\Logical\Libraries\ComTCP\ComTCP_L\MNG_InternalTyp.hpp"
    LogicalPath="Libraries.ComTCP.ComTCP_L.MNG_InternalTyp.hpp"
    Type="File"
    LastWriteTime="132343638800000000"
    Private="false" />
  <Object
    Path="C:\Users\jacop\Documents\GitHub\AutomationEngineering\Courses\ASDP\PallettizerProj2\Logical\Libraries\ComTCP\ComTCP_L\MNG_ComHdlr.hpp"
    LogicalPath="Libraries.ComTCP.ComTCP_L.MNG_ComHdlr.hpp"
    Type="File"
    LastWriteTime="132343638800000000"
    Private="false" />
  <Object
    Path="C:\Users\jacop\Documents\GitHub\AutomationEngineering\Courses\ASDP\PallettizerProj2\Logical\Libraries\ComTCP\ComTCP_L\MNG_ComHdlr.cpp"
    LogicalPath="Libraries.ComTCP.ComTCP_L.MNG_ComHdlr.cpp"
    Type="File"
    LastWriteTime="132343638800000000"
    Private="false" />
  <Object
    Path="C:\Users\jacop\Documents\GitHub\AutomationEngineering\Courses\ASDP\PallettizerProj2\Logical\Libraries\ComTCP\ComTCP_L\MNG_Global.hpp"
    LogicalPath="Libraries.ComTCP.ComTCP_L.MNG_Global.hpp"
    Type="File"
    LastWriteTime="132343638800000000"
    Private="false" />
  <Object
    Path="C:\Users\jacop\Documents\GitHub\AutomationEngineering\Courses\ASDP\PallettizerProj2\Logical\Libraries\ComTCP\ComTCP_L\MNG_CpyOutToMsg.cpp"
    LogicalPath="Libraries.ComTCP.ComTCP_L.MNG_CpyOutToMsg.cpp"
    Type="File"
    LastWriteTime="132343638800000000"
    Private="false" />
  <Object
    Path="C:\Users\jacop\Documents\GitHub\AutomationEngineering\Courses\ASDP\PallettizerProj2\Logical\Libraries\ComTCP\ComTCP_L\MNG_CpyMsgToInp.cpp"
    LogicalPath="Libraries.ComTCP.ComTCP_L.MNG_CpyMsgToInp.cpp"
    Type="File"
    LastWriteTime="132343638800000000"
    Private="false" />
  <Object
    Path="C:\Users\jacop\Documents\GitHub\AutomationEngineering\Courses\ASDP\PallettizerProj2\Logical\Libraries\ComTCP\ComTCP_P\ANSIC.prg"
    LogicalPath="Libraries.ComTCP.ComTCP_P"
    Type="Program"
    LastWriteTime="132343638800000000" />
  <Object
    Path="C:\Users\jacop\Documents\GitHub\AutomationEngineering\Courses\ASDP\PallettizerProj2\Logical\Libraries\ComTCP\ComTCP_P\Main.cpp"
    LogicalPath="Libraries.ComTCP.ComTCP_P.Main.cpp"
    Type="File"
    LastWriteTime="132343638800000000"
    Private="false" />
  <Object
    Path="C:\Users\jacop\Documents\GitHub\AutomationEngineering\Courses\ASDP\PallettizerProj2\Logical\Libraries\ComTCP\ComTCP_P\Types.typ"
    LogicalPath="Libraries.ComTCP.ComTCP_P.Types.typ"
    Type="File"
    LastWriteTime="132343638800000000"
    Private="true" />
  <Object
    Path="C:\Users\jacop\Documents\GitHub\AutomationEngineering\Courses\ASDP\PallettizerProj2\Logical\Libraries\ComTCP\ComTCP_P\Variables.var"
    LogicalPath="Libraries.ComTCP.ComTCP_P.Variables.var"
    Type="File"
    LastWriteTime="132343638800000000"
    Private="true" />
  <Object
    Path="C:\Users\jacop\Documents\GitHub\AutomationEngineering\Courses\ASDP\PallettizerProj2\Logical\Libraries\GenericDev\IEC.lby"
    LogicalPath="Libraries.GenericDev"
    Type="Library"
    LastWriteTime="133330665730703195" />
  <Object
    Path="C:\Users\jacop\Documents\GitHub\AutomationEngineering\Courses\ASDP\PallettizerProj2\Logical\Libraries\GenericDev\Types.typ"
    LogicalPath="Libraries.GenericDev.Types.typ"
    Type="File"
    LastWriteTime="133331225280604707"
    Private="false" />
  <Object
    Path="C:\Users\jacop\Documents\GitHub\AutomationEngineering\Courses\ASDP\PallettizerProj2\Logical\Libraries\GenericDev\Constants.var"
    LogicalPath="Libraries.GenericDev.Constants.var"
    Type="File"
    LastWriteTime="133330665730673115"
    Private="false" />
  <Object
    Path="C:\Users\jacop\Documents\GitHub\AutomationEngineering\Courses\ASDP\PallettizerProj2\Logical\Libraries\GenericDev\GenericDev.fun"
    LogicalPath="Libraries.GenericDev.GenericDev.fun"
    Type="File"
    LastWriteTime="133330665730693186"
    Private="false" />
  <Object
    Path="C:\Users\jacop\Documents\GitHub\AutomationEngineering\Courses\ASDP\PallettizerProj2\Logical\Libraries\GenericDev\GenericDevice.st"
    LogicalPath="Libraries.GenericDev.GenericDevice.st"
    Type="File"
    LastWriteTime="133338140174488091"
    Private="false" />
  <Object
    Path="C:\Users\jacop\Documents\GitHub\AutomationEngineering\Courses\ASDP\PallettizerProj2\Logical\Libraries\GenericAx\IEC.lby"
    LogicalPath="Libraries.GenericAx"
    Type="Library"
    LastWriteTime="133330665730933166" />
  <Object
    Path="C:\Users\jacop\Documents\GitHub\AutomationEngineering\Courses\ASDP\PallettizerProj2\Logical\Libraries\GenericAx\Types.typ"
    LogicalPath="Libraries.GenericAx.Types.typ"
    Type="File"
    LastWriteTime="133334822551604894"
    Private="false" />
  <Object
    Path="C:\Users\jacop\Documents\GitHub\AutomationEngineering\Courses\ASDP\PallettizerProj2\Logical\Libraries\GenericAx\Constants.var"
    LogicalPath="Libraries.GenericAx.Constants.var"
    Type="File"
    LastWriteTime="133330665730903168"
    Private="false" />
  <Object
    Path="C:\Users\jacop\Documents\GitHub\AutomationEngineering\Courses\ASDP\PallettizerProj2\Logical\Libraries\GenericAx\GenericAx.fun"
    LogicalPath="Libraries.GenericAx.GenericAx.fun"
    Type="File"
    LastWriteTime="133334744602517605"
    Private="false" />
  <Object
    Path="C:\Users\jacop\Documents\GitHub\AutomationEngineering\Courses\ASDP\PallettizerProj2\Logical\Libraries\GenericAx\GenericAxis.st"
    LogicalPath="Libraries.GenericAx.GenericAxis.st"
    Type="File"
    LastWriteTime="133338288914140169"
    Private="false" />
  <Object
    Path="C:\Users\jacop\Documents\GitHub\AutomationEngineering\Courses\ASDP\PallettizerProj2\Logical\Libraries\SignalMng\IEC.lby"
    LogicalPath="Libraries.SignalMng"
    Type="Library"
    LastWriteTime="133339023554204661" />
  <Object
    Path="C:\Users\jacop\Documents\GitHub\AutomationEngineering\Courses\ASDP\PallettizerProj2\Logical\Libraries\SignalMng\SignalManagement.st"
    LogicalPath="Libraries.SignalMng.SignalManagement.st"
    Type="File"
    LastWriteTime="133339023554194652"
    Private="false" />
  <Object
    Path="C:\Users\jacop\Documents\GitHub\AutomationEngineering\Courses\ASDP\PallettizerProj2\Logical\Libraries\SignalMng\Types.typ"
    LogicalPath="Libraries.SignalMng.Types.typ"
    Type="File"
    LastWriteTime="133338259727326844"
    Private="false" />
  <Object
    Path="C:\Users\jacop\Documents\GitHub\AutomationEngineering\Courses\ASDP\PallettizerProj2\Logical\Libraries\SignalMng\Constants.var"
    LogicalPath="Libraries.SignalMng.Constants.var"
    Type="File"
    LastWriteTime="133338259727391929"
    Private="false" />
  <Object
    Path="C:\Users\jacop\Documents\GitHub\AutomationEngineering\Courses\ASDP\PallettizerProj2\Logical\Libraries\SignalMng\SignalMng.fun"
    LogicalPath="Libraries.SignalMng.SignalMng.fun"
    Type="File"
    LastWriteTime="133338259727643392"
    Private="false" />
  <Object
    Path="C:\Users\jacop\Documents\GitHub\AutomationEngineering\Courses\ASDP\PallettizerProj2\Logical\InputBridge\IEC.prg"
    LogicalPath="InputBridge"
    Type="Program"
    LastWriteTime="133336263408527861" />
  <Object
    Path="C:\Users\jacop\Documents\GitHub\AutomationEngineering\Courses\ASDP\PallettizerProj2\Logical\InputBridge\Cyclic.st"
    LogicalPath="InputBridge.Cyclic.st"
    Type="File"
    LastWriteTime="133336263408477969"
    Private="false" />
  <Object
    Path="C:\Users\jacop\Documents\GitHub\AutomationEngineering\Courses\ASDP\PallettizerProj2\Logical\InputBridge\Init.st"
    LogicalPath="InputBridge.Init.st"
    Type="File"
    LastWriteTime="133336263408487952"
    Private="false" />
  <Object
    Path="C:\Users\jacop\Documents\GitHub\AutomationEngineering\Courses\ASDP\PallettizerProj2\Logical\InputBridge\Exit.st"
    LogicalPath="InputBridge.Exit.st"
    Type="File"
    LastWriteTime="133336263408497940"
    Private="false" />
  <Object
    Path="C:\Users\jacop\Documents\GitHub\AutomationEngineering\Courses\ASDP\PallettizerProj2\Logical\InputBridge\Types.typ"
    LogicalPath="InputBridge.Types.typ"
    Type="File"
    LastWriteTime="133336263408507412"
    Private="true" />
  <Object
    Path="C:\Users\jacop\Documents\GitHub\AutomationEngineering\Courses\ASDP\PallettizerProj2\Logical\InputBridge\Variables.var"
    LogicalPath="InputBridge.Variables.var"
    Type="File"
    LastWriteTime="133336263408517367"
    Private="true" />
  <Object
    Path="C:\Users\jacop\Documents\GitHub\AutomationEngineering\Courses\ASDP\PallettizerProj2\Logical\OutputBridge\IEC.prg"
    LogicalPath="OutputBridge"
    Type="Program"
    LastWriteTime="133336263499061477" />
  <Object
    Path="C:\Users\jacop\Documents\GitHub\AutomationEngineering\Courses\ASDP\PallettizerProj2\Logical\OutputBridge\Cyclic.st"
    LogicalPath="OutputBridge.Cyclic.st"
    Type="File"
    LastWriteTime="133336263499021699"
    Private="false" />
  <Object
    Path="C:\Users\jacop\Documents\GitHub\AutomationEngineering\Courses\ASDP\PallettizerProj2\Logical\OutputBridge\Init.st"
    LogicalPath="OutputBridge.Init.st"
    Type="File"
    LastWriteTime="133336263499031380"
    Private="false" />
  <Object
    Path="C:\Users\jacop\Documents\GitHub\AutomationEngineering\Courses\ASDP\PallettizerProj2\Logical\OutputBridge\Exit.st"
    LogicalPath="OutputBridge.Exit.st"
    Type="File"
    LastWriteTime="133336263499031380"
    Private="false" />
  <Object
    Path="C:\Users\jacop\Documents\GitHub\AutomationEngineering\Courses\ASDP\PallettizerProj2\Logical\OutputBridge\Types.typ"
    LogicalPath="OutputBridge.Types.typ"
    Type="File"
    LastWriteTime="133336263499041543"
    Private="true" />
  <Object
    Path="C:\Users\jacop\Documents\GitHub\AutomationEngineering\Courses\ASDP\PallettizerProj2\Logical\OutputBridge\Variables.var"
    LogicalPath="OutputBridge.Variables.var"
    Type="File"
    LastWriteTime="133336263499061477"
    Private="true" />
  <Object
    Path="C:\Users\jacop\Documents\GitHub\AutomationEngineering\Courses\ASDP\PallettizerProj2\Logical\MainControl\IEC.prg"
    LogicalPath="MainControl"
    Type="Program"
    LastWriteTime="133330665272723611" />
  <Object
    Path="C:\Users\jacop\Documents\GitHub\AutomationEngineering\Courses\ASDP\PallettizerProj2\Logical\MainControl\Main.st"
    LogicalPath="MainControl.Main.st"
    Type="File"
    LastWriteTime="133338928986974953"
    Private="false" />
  <Object
    Path="C:\Users\jacop\Documents\GitHub\AutomationEngineering\Courses\ASDP\PallettizerProj2\Logical\MainControl\Types.typ"
    LogicalPath="MainControl.Types.typ"
    Type="File"
    LastWriteTime="133338874704839951"
    Private="true" />
  <Object
    Path="C:\Users\jacop\Documents\GitHub\AutomationEngineering\Courses\ASDP\PallettizerProj2\Logical\MainControl\Variables.var"
    LogicalPath="MainControl.Variables.var"
    Type="File"
    LastWriteTime="133331415621379626"
    Private="true" />
  <Object
    Path="C:\Users\jacop\Documents\GitHub\AutomationEngineering\Courses\ASDP\PallettizerProj2\Logical\Feeder\IEC.prg"
    LogicalPath="Feeder"
    Type="Program"
    LastWriteTime="133330665273148559" />
  <Object
    Path="C:\Users\jacop\Documents\GitHub\AutomationEngineering\Courses\ASDP\PallettizerProj2\Logical\Feeder\Main.st"
    LogicalPath="Feeder.Main.st"
    Type="File"
    LastWriteTime="133339118790746642"
    Private="false" />
  <Object
    Path="C:\Users\jacop\Documents\GitHub\AutomationEngineering\Courses\ASDP\PallettizerProj2\Logical\Feeder\Types.typ"
    LogicalPath="Feeder.Types.typ"
    Type="File"
    LastWriteTime="133338868442548870"
    Private="true" />
  <Object
    Path="C:\Users\jacop\Documents\GitHub\AutomationEngineering\Courses\ASDP\PallettizerProj2\Logical\Feeder\Variables.var"
    LogicalPath="Feeder.Variables.var"
    Type="File"
    LastWriteTime="133338878029587091"
    Private="true" />
  <Object
    Path="C:\Users\jacop\Documents\GitHub\AutomationEngineering\Courses\ASDP\PallettizerProj2\Logical\Crane\IEC.prg"
    LogicalPath="Crane"
    Type="Program"
    LastWriteTime="133331369541343328" />
  <Object
    Path="C:\Users\jacop\Documents\GitHub\AutomationEngineering\Courses\ASDP\PallettizerProj2\Logical\Crane\Main.st"
    LogicalPath="Crane.Main.st"
    Type="File"
    LastWriteTime="133339119336352971"
    Private="false" />
  <Object
    Path="C:\Users\jacop\Documents\GitHub\AutomationEngineering\Courses\ASDP\PallettizerProj2\Logical\Crane\Types.typ"
    LogicalPath="Crane.Types.typ"
    Type="File"
    LastWriteTime="133338293752703012"
    Private="true" />
  <Object
    Path="C:\Users\jacop\Documents\GitHub\AutomationEngineering\Courses\ASDP\PallettizerProj2\Logical\Crane\Variables.var"
    LogicalPath="Crane.Variables.var"
    Type="File"
    LastWriteTime="133337306175661402"
    Private="true" />
  <Object
    Path="C:\Users\jacop\Documents\GitHub\AutomationEngineering\Courses\ASDP\PallettizerProj2\Logical\PalletHandler\IEC.prg"
    LogicalPath="PalletHandler"
    Type="Program"
    LastWriteTime="133336253130958426" />
  <Object
    Path="C:\Users\jacop\Documents\GitHub\AutomationEngineering\Courses\ASDP\PallettizerProj2\Logical\PalletHandler\Main.st"
    LogicalPath="PalletHandler.Main.st"
    Type="File"
    LastWriteTime="133339140587177405"
    Private="false" />
  <Object
    Path="C:\Users\jacop\Documents\GitHub\AutomationEngineering\Courses\ASDP\PallettizerProj2\Logical\PalletHandler\Types.typ"
    LogicalPath="PalletHandler.Types.typ"
    Type="File"
    LastWriteTime="133338285684956440"
    Private="true" />
  <Object
    Path="C:\Users\jacop\Documents\GitHub\AutomationEngineering\Courses\ASDP\PallettizerProj2\Logical\PalletHandler\Variables.var"
    LogicalPath="PalletHandler.Variables.var"
    Type="File"
    LastWriteTime="133338999387246768"
    Private="true" />
  <Object
    Path="C:\Users\jacop\Documents\GitHub\AutomationEngineering\Courses\ASDP\PallettizerProj2\Logical\SignalHandler\IEC.prg"
    LogicalPath="SignalHandler"
    Type="Program"
    LastWriteTime="133338253165971080" />
  <Object
    Path="C:\Users\jacop\Documents\GitHub\AutomationEngineering\Courses\ASDP\PallettizerProj2\Logical\SignalHandler\Main.st"
    LogicalPath="SignalHandler.Main.st"
    Type="File"
    LastWriteTime="133339110205728633"
    Private="false" />
  <Object
    Path="C:\Users\jacop\Documents\GitHub\AutomationEngineering\Courses\ASDP\PallettizerProj2\Logical\SignalHandler\Types.typ"
    LogicalPath="SignalHandler.Types.typ"
    Type="File"
    LastWriteTime="133338253165971080"
    Private="true" />
  <Object
    Path="C:\Users\jacop\Documents\GitHub\AutomationEngineering\Courses\ASDP\PallettizerProj2\Logical\SignalHandler\Variables.var"
    LogicalPath="SignalHandler.Variables.var"
    Type="File"
    LastWriteTime="133338880910325177"
    Private="true" />
  <Object
    Path="C:\Users\jacop\Documents\GitHub\AutomationEngineering\Courses\ASDP\PallettizerProj2\Physical\Config1\Config.pkg"
    LogicalPath="Config1"
    Type="Configuration.ParentUnknown"
    LastWriteTime="133330652803628370" />
  <Object
    Path="C:\Users\jacop\Documents\GitHub\AutomationEngineering\Courses\ASDP\PallettizerProj2\Physical\Config1\Hardware.hw"
    LogicalPath="Config1.Hardware.hw"
    Type="File"
    LastWriteTime="133339059247851421"
    Private="false" />
  <Object
    Path="C:\Users\jacop\Documents\GitHub\AutomationEngineering\Courses\ASDP\PallettizerProj2\Physical\Config1\Hardware.hwl"
    LogicalPath="Config1.Hardware.hwl"
    Type="File"
    LastWriteTime="133331358778365402"
    Private="false" />
  <Object
    Path="C:\Users\jacop\Documents\GitHub\AutomationEngineering\Courses\ASDP\PallettizerProj2\Physical\Config1\X20CP1382\Cpu.pkg"
    LogicalPath="Config1.X20CP1382"
    Type="Cpu"
    LastWriteTime="133339129987220797" />
  <Object
    Path="C:\Users\jacop\Documents\GitHub\AutomationEngineering\Courses\ASDP\PallettizerProj2\Physical\Config1\X20CP1382\Cpu.sw"
    LogicalPath="Config1.X20CP1382.Cpu.sw"
    Type="File"
    LastWriteTime="133338253701458274"
    Private="false" />
  <Object
    Path="C:\Users\jacop\Documents\GitHub\AutomationEngineering\Courses\ASDP\PallettizerProj2\Physical\Config1\X20CP1382\Cpu.per"
    LogicalPath="Config1.X20CP1382.Cpu.per"
    Type="File"
    LastWriteTime="133330652768553521"
    Private="false" />
  <Object
    Path="C:\Users\jacop\Documents\GitHub\AutomationEngineering\Courses\ASDP\PallettizerProj2\Physical\Config1\X20CP1382\IoMap.iom"
    LogicalPath="Config1.X20CP1382.IoMap.iom"
    Type="File"
    LastWriteTime="133330652768585637"
    Private="false" />
  <Object
    Path="C:\Users\jacop\Documents\GitHub\AutomationEngineering\Courses\ASDP\PallettizerProj2\Physical\Config1\X20CP1382\PvMap.vvm"
    LogicalPath="Config1.X20CP1382.PvMap.vvm"
    Type="File"
    LastWriteTime="133330652768688639"
    Private="false" />
  <Object
    Path="C:\Users\jacop\Documents\GitHub\AutomationEngineering\Courses\ASDP\PallettizerProj2\Physical\Config1\X20CP1382\Connectivity\Package.pkg"
    LogicalPath="Config1.X20CP1382.Connectivity"
    Type="Package"
    LastWriteTime="133330652769078561" />
  <Object
    Path="C:\Users\jacop\Documents\GitHub\AutomationEngineering\Courses\ASDP\PallettizerProj2\Physical\Config1\X20CP1382\Connectivity\OpcUA\Package.pkg"
    LogicalPath="Config1.X20CP1382.Connectivity.OpcUA"
    Type="Package"
    LastWriteTime="133330652769048532" />
  <Object
    Path="C:\Users\jacop\Documents\GitHub\AutomationEngineering\Courses\ASDP\PallettizerProj2\Physical\Config1\X20CP1382\Connectivity\OpcUaFx\Package.pkg"
    LogicalPath="Config1.X20CP1382.Connectivity.OpcUaFx"
    Type="Package"
    LastWriteTime="133330652769078561" />
  <Object
    Path="C:\Users\jacop\Documents\GitHub\AutomationEngineering\Courses\ASDP\PallettizerProj2\Physical\Config1\X20CP1382\TextSystem\Package.pkg"
    LogicalPath="Config1.X20CP1382.TextSystem"
    Type="Package"
    LastWriteTime="133330652769128127" />
  <Object
    Path="C:\Users\jacop\Documents\GitHub\AutomationEngineering\Courses\ASDP\PallettizerProj2\Physical\Config1\X20CP1382\UnitSystem\Package.pkg"
    LogicalPath="Config1.X20CP1382.UnitSystem"
    Type="Package"
    LastWriteTime="133330652769242853" />
  <Object
    Path="C:\Users\jacop\Documents\GitHub\AutomationEngineering\Courses\ASDP\PallettizerProj2\Physical\Config1\X20CP1382\AccessAndSecurity\Package.pkg"
    LogicalPath="Config1.X20CP1382.AccessAndSecurity"
    Type="Package"
    LastWriteTime="133330652769521716" />
  <Object
    Path="C:\Users\jacop\Documents\GitHub\AutomationEngineering\Courses\ASDP\PallettizerProj2\Physical\Config1\X20CP1382\AccessAndSecurity\UserRoleSystem\Package.pkg"
    LogicalPath="Config1.X20CP1382.AccessAndSecurity.UserRoleSystem"
    Type="Package"
    LastWriteTime="133330652769366447" />
  <Object
    Path="C:\Users\jacop\Documents\GitHub\AutomationEngineering\Courses\ASDP\PallettizerProj2\Physical\Config1\X20CP1382\AccessAndSecurity\UserRoleSystem\Role.role"
    LogicalPath="Config1.X20CP1382.AccessAndSecurity.UserRoleSystem.Role.role"
    Type="File"
    LastWriteTime="133330652769346466"
    Private="false" />
  <Object
    Path="C:\Users\jacop\Documents\GitHub\AutomationEngineering\Courses\ASDP\PallettizerProj2\Physical\Config1\X20CP1382\AccessAndSecurity\UserRoleSystem\User.user"
    LogicalPath="Config1.X20CP1382.AccessAndSecurity.UserRoleSystem.User.user"
    Type="File"
    LastWriteTime="133330652769356424"
    Private="false" />
  <Object
    Path="C:\Users\jacop\Documents\GitHub\AutomationEngineering\Courses\ASDP\PallettizerProj2\Physical\Config1\X20CP1382\AccessAndSecurity\CertificateStore\Package.pkg"
    LogicalPath="Config1.X20CP1382.AccessAndSecurity.CertificateStore"
    Type="Package"
    LastWriteTime="133330652769477855" />
  <Object
    Path="C:\Users\jacop\Documents\GitHub\AutomationEngineering\Courses\ASDP\PallettizerProj2\Physical\Config1\X20CP1382\AccessAndSecurity\CertificateStore\OwnCertificates\Package.pkg"
    LogicalPath="Config1.X20CP1382.AccessAndSecurity.CertificateStore.OwnCertificates"
    Type="Package"
    LastWriteTime="133330652769413751" />
  <Object
    Path="C:\Users\jacop\Documents\GitHub\AutomationEngineering\Courses\ASDP\PallettizerProj2\Physical\Config1\X20CP1382\AccessAndSecurity\CertificateStore\OwnCertificates\Certificates\Package.pkg"
    LogicalPath="Config1.X20CP1382.AccessAndSecurity.CertificateStore.OwnCertificates.Certificates"
    Type="Package"
    LastWriteTime="133330652769403639" />
  <Object
    Path="C:\Users\jacop\Documents\GitHub\AutomationEngineering\Courses\ASDP\PallettizerProj2\Physical\Config1\X20CP1382\AccessAndSecurity\CertificateStore\OwnCertificates\PrivateKeys\Package.pkg"
    LogicalPath="Config1.X20CP1382.AccessAndSecurity.CertificateStore.OwnCertificates.PrivateKeys"
    Type="Package"
    LastWriteTime="133330652769413751" />
  <Object
    Path="C:\Users\jacop\Documents\GitHub\AutomationEngineering\Courses\ASDP\PallettizerProj2\Physical\Config1\X20CP1382\AccessAndSecurity\CertificateStore\ThirdPartyCertificates\Package.pkg"
    LogicalPath="Config1.X20CP1382.AccessAndSecurity.CertificateStore.ThirdPartyCertificates"
    Type="Package"
    LastWriteTime="133330652769446897" />
  <Object
    Path="C:\Users\jacop\Documents\GitHub\AutomationEngineering\Courses\ASDP\PallettizerProj2\Physical\Config1\X20CP1382\AccessAndSecurity\CertificateStore\ThirdPartyCertificates\SoftwareCertificates\Package.pkg"
    LogicalPath="Config1.X20CP1382.AccessAndSecurity.CertificateStore.ThirdPartyCertificates.SoftwareCertificates"
    Type="Package"
    LastWriteTime="133330652769446897" />
  <Object
    Path="C:\Users\jacop\Documents\GitHub\AutomationEngineering\Courses\ASDP\PallettizerProj2\Physical\Config1\X20CP1382\AccessAndSecurity\CertificateStore\CertificateRevocationLists\Package.pkg"
    LogicalPath="Config1.X20CP1382.AccessAndSecurity.CertificateStore.CertificateRevocationLists"
    Type="Package"
    LastWriteTime="133330652769456864" />
  <Object
    Path="C:\Users\jacop\Documents\GitHub\AutomationEngineering\Courses\ASDP\PallettizerProj2\Physical\Config1\X20CP1382\AccessAndSecurity\CertificateStore\CertificateSigningRequests\Package.pkg"
    LogicalPath="Config1.X20CP1382.AccessAndSecurity.CertificateStore.CertificateSigningRequests"
    Type="Package"
    LastWriteTime="133330652769477855" />
  <Object
    Path="C:\Users\jacop\Documents\GitHub\AutomationEngineering\Courses\ASDP\PallettizerProj2\Physical\Config1\X20CP1382\AccessAndSecurity\TransportLayerSecurity\Package.pkg"
    LogicalPath="Config1.X20CP1382.AccessAndSecurity.TransportLayerSecurity"
    Type="Package"
    LastWriteTime="133330652769487874" />
  <Object
    Path="C:\Users\jacop\Documents\GitHub\AutomationEngineering\Courses\ASDP\PallettizerProj2\Physical\Config1\X20CP1382\AccessAndSecurity\Firewall\Package.pkg"
    LogicalPath="Config1.X20CP1382.AccessAndSecurity.Firewall"
    Type="Package"
    LastWriteTime="133330652769521716" />
  <Object
    Path="C:\Users\jacop\Documents\GitHub\AutomationEngineering\Courses\ASDP\PallettizerProj2\Physical\Config1\X20CP1382\AccessAndSecurity\Firewall\Rules.firewallRules"
    LogicalPath="Config1.X20CP1382.AccessAndSecurity.Firewall.Rules.firewallRules"
    Type="File"
    LastWriteTime="133330652769511685"
    Private="false" />
  <Object
    Path="C:\Users\jacop\Documents\GitHub\AutomationEngineering\Courses\ASDP\PallettizerProj2\Physical\Config1\X20CP1382\mappControl\Package.pkg"
    LogicalPath="Config1.X20CP1382.mappControl"
    Type="Package"
    LastWriteTime="133330652769541703" />
  <Object
    Path="C:\Users\jacop\Documents\GitHub\AutomationEngineering\Courses\ASDP\PallettizerProj2\Physical\Config1\X20CP1382\mappMotion\Package.pkg"
    LogicalPath="Config1.X20CP1382.mappMotion"
    Type="Package"
    LastWriteTime="133330652769621724" />
  <Object
    Path="C:\Users\jacop\Documents\GitHub\AutomationEngineering\Courses\ASDP\PallettizerProj2\Physical\Config1\X20CP1382\mappServices\Package.pkg"
    LogicalPath="Config1.X20CP1382.mappServices"
    Type="Package"
    LastWriteTime="133330652769701736" />
  <Object
    Path="C:\Users\jacop\Documents\GitHub\AutomationEngineering\Courses\ASDP\PallettizerProj2\Physical\Config1\X20CP1382\mappSafety\Package.pkg"
    LogicalPath="Config1.X20CP1382.mappSafety"
    Type="Package"
    LastWriteTime="133330652769811676" />
  <Object
    Path="C:\Users\jacop\Documents\GitHub\AutomationEngineering\Courses\ASDP\PallettizerProj2\Physical\Config1\X20CP1382\mappSafety\SafeApplication\Package.pkg"
    LogicalPath="Config1.X20CP1382.mappSafety.SafeApplication"
    Type="Package"
    LastWriteTime="133330652769791679" />
  <Object
    Path="C:\Users\jacop\Documents\GitHub\AutomationEngineering\Courses\ASDP\PallettizerProj2\Physical\Config1\X20CP1382\mappSafety\SafeCommissioning\Package.pkg"
    LogicalPath="Config1.X20CP1382.mappSafety.SafeCommissioning"
    Type="Package"
    LastWriteTime="133330652769811676" />
  <Object
    Path="C:\Users\jacop\Documents\GitHub\AutomationEngineering\Courses\ASDP\PallettizerProj2\Physical\Config1\X20CP1382\mappView\Package.pkg"
    LogicalPath="Config1.X20CP1382.mappView"
    Type="Package"
    LastWriteTime="133330652769861675" />
  <Object
    Path="C:\Users\jacop\Documents\GitHub\AutomationEngineering\Courses\ASDP\PallettizerProj2\Physical\Config1\X20CP1382\mappVision\Package.pkg"
    LogicalPath="Config1.X20CP1382.mappVision"
    Type="Package"
    LastWriteTime="133330652769941764" />
  <Object
    Path="C:\Users\jacop\Documents\GitHub\AutomationEngineering\Courses\ASDP\PallettizerProj2\Physical\Config1\X20CP1382\mappCockpit\Package.pkg"
    LogicalPath="Config1.X20CP1382.mappCockpit"
    Type="Package"
    LastWriteTime="133330652770025917" />
  <Object
    Path="C:\Users\jacop\Documents\GitHub\AutomationEngineering\Courses\ASDP\PallettizerProj2\Physical\Config1\Hardware.jpg"
    LogicalPath="Config1.Hardware.jpg"
    Type="File"
    LastWriteTime="133331358778736390"
    Private="false" />
</Objects>